[2026-08-26T20:25:27.799+0000] {local_task_job_runner.py:123} INFO - ::group::Pre task execution logs
[2026-08-26T20:25:27.811+0000] {taskinstance.py:2603} INFO - Dependencies all met for dep_context=non-requeueable deps ti=<TaskInstance: data_quality_pipeline.process_bronze_to_silver_task scheduled__2026-08-25T00:00:00+00:00 [queued]>
[2026-08-26T20:25:27.819+0000] {taskinstance.py:2603} INFO - Dependencies all met for dep_context=requeueable deps ti=<TaskInstance: data_quality_pipeline.process_bronze_to_silver_task scheduled__2026-08-25T00:00:00+00:00 [queued]>
[2026-08-26T20:25:27.822+0000] {taskinstance.py:2856} INFO - Starting attempt 1 of 2
[2026-08-26T20:25:27.841+0000] {taskinstance.py:2879} INFO - Executing <Task(PythonOperator): process_bronze_to_silver_task> on 2026-08-25 00:00:00+00:00
[2026-08-26T20:25:27.851+0000] {standard_task_runner.py:72} INFO - Started process 97 to run task
[2026-08-26T20:25:27.856+0000] {standard_task_runner.py:104} INFO - Running: ['airflow', 'tasks', 'run', 'data_quality_pipeline', 'process_bronze_to_silver_task', 'scheduled__2026-08-25T00:00:00+00:00', '--job-id', '2', '--raw', '--subdir', 'DAGS_FOLDER/data_quality_pipeline_dag.py', '--cfg-path', '/tmp/tmplygw59vf']
[2026-08-26T20:25:27.861+0000] {standard_task_runner.py:105} INFO - Job 2: Subtask process_bronze_to_silver_task
[2026-08-26T20:25:28.000+0000] {task_command.py:467} INFO - Running <TaskInstance: data_quality_pipeline.process_bronze_to_silver_task scheduled__2026-08-25T00:00:00+00:00 [running]> on host 12ed75a11a95
[2026-08-26T20:25:28.086+0000] {taskinstance.py:3122} INFO - Exporting env vars: AIRFLOW_CTX_DAG_OWNER='zeliha' AIRFLOW_CTX_DAG_ID='data_quality_pipeline' AIRFLOW_CTX_TASK_ID='process_bronze_to_silver_task' AIRFLOW_CTX_EXECUTION_DATE='2026-08-25T00:00:00+00:00' AIRFLOW_CTX_TRY_NUMBER='1' AIRFLOW_CTX_DAG_RUN_ID='scheduled__2026-08-25T00:00:00+00:00'
[2026-08-26T20:25:28.091+0000] {taskinstance.py:731} INFO - ::endgroup::
[2026-08-26T20:25:28.199+0000] {logging_mixin.py:190} INFO - --- Raw Data Loaded Successfully ---
[2026-08-26T20:25:28.208+0000] {logging_mixin.py:190} INFO - shape: (10, 6)
┌────────────────┬─────────────┬────────────┬────────┬──────────────────┬────────────────┐
│ transaction_id ┆ customer_id ┆ product_id ┆ amount ┆ transaction_date ┆ store_location │
│ ---            ┆ ---         ┆ ---        ┆ ---    ┆ ---              ┆ ---            │
│ i64            ┆ str         ┆ str        ┆ f64    ┆ str              ┆ str            │
╞════════════════╪═════════════╪════════════╪════════╪══════════════════╪════════════════╡
│ 1001           ┆ C101        ┆ P501       ┆ 250.5  ┆ 2026-08-24       ┆ Istanbul       │
│ 1002           ┆ C102        ┆ P502       ┆ 120.0  ┆ 2026-08-24       ┆ Ankara         │
│ 1003           ┆ C101        ┆ P503       ┆ null   ┆ 2026-08-24       ┆ Izmir          │
│ 1004           ┆ C103        ┆ P501       ┆ 450.0  ┆ 2026-08-25       ┆ Istanbul       │
│ 1005           ┆ C104        ┆ P504       ┆ 89.9   ┆ 2026-08-25       ┆ Antalya        │
│ 1006           ┆ C102        ┆ P501       ┆ 310.0  ┆ 2026-08-25       ┆ Ankara         │
│ 1007           ┆ C105        ┆ P505       ┆ 150.0  ┆ 2026-08-26       ┆ Bursa          │
│ 1008           ┆ C101        ┆ P502       ┆ null   ┆ 2026-08-26       ┆ Istanbul       │
│ 1009           ┆ C106        ┆ P503       ┆ 550.0  ┆ 2026-08-26       ┆ Izmir          │
│ 1010           ┆ C103        ┆ P505       ┆ 210.0  ┆ 2026-08-26       ┆ Istanbul       │
└────────────────┴─────────────┴────────────┴────────┴──────────────────┴────────────────┘
[2026-08-26T20:25:28.263+0000] {logging_mixin.py:190} INFO - --- Cleaned (Silver) Data ---
[2026-08-26T20:25:28.268+0000] {logging_mixin.py:190} INFO - shape: (8, 6)
┌────────────────┬─────────────┬────────────┬────────┬──────────────────┬────────────────┐
│ transaction_id ┆ customer_id ┆ product_id ┆ amount ┆ transaction_date ┆ store_location │
│ ---            ┆ ---         ┆ ---        ┆ ---    ┆ ---              ┆ ---            │
│ i64            ┆ str         ┆ str        ┆ f64    ┆ str              ┆ str            │
╞════════════════╪═════════════╪════════════╪════════╪══════════════════╪════════════════╡
│ 1001           ┆ C101        ┆ P501       ┆ 250.5  ┆ 2026-08-24       ┆ Istanbul       │
│ 1002           ┆ C102        ┆ P502       ┆ 120.0  ┆ 2026-08-24       ┆ Ankara         │
│ 1004           ┆ C103        ┆ P501       ┆ 450.0  ┆ 2026-08-25       ┆ Istanbul       │
│ 1005           ┆ C104        ┆ P504       ┆ 89.9   ┆ 2026-08-25       ┆ Antalya        │
│ 1006           ┆ C102        ┆ P501       ┆ 310.0  ┆ 2026-08-25       ┆ Ankara         │
│ 1007           ┆ C105        ┆ P505       ┆ 150.0  ┆ 2026-08-26       ┆ Bursa          │
│ 1009           ┆ C106        ┆ P503       ┆ 550.0  ┆ 2026-08-26       ┆ Izmir          │
│ 1010           ┆ C103        ┆ P505       ┆ 210.0  ┆ 2026-08-26       ┆ Istanbul       │
└────────────────┴─────────────┴────────────┴────────┴──────────────────┴────────────────┘
[2026-08-26T20:25:28.327+0000] {logging_mixin.py:190} INFO - Data successfully written to Silver layer: /opt/airflow/data/silver/clean_sales.parquet
[2026-08-26T20:25:28.329+0000] {python.py:240} INFO - Done. Returned value was: None
[2026-08-26T20:25:28.342+0000] {taskinstance.py:340} INFO - ::group::Post task execution logs
[2026-08-26T20:25:28.346+0000] {taskinstance.py:352} INFO - Marking task as SUCCESS. dag_id=data_quality_pipeline, task_id=process_bronze_to_silver_task, run_id=scheduled__2026-08-25T00:00:00+00:00, execution_date=20260825T000000, start_date=20260826T202527, end_date=20260826T202528
[2026-08-26T20:25:28.395+0000] {local_task_job_runner.py:261} INFO - Task exited with return code 0
[2026-08-26T20:25:28.411+0000] {taskinstance.py:3891} INFO - 0 downstream tasks scheduled from follow-on schedule check
[2026-08-26T20:25:28.414+0000] {local_task_job_runner.py:240} INFO - ::endgroup::
[2026-08-26T21:36:08.537+0000] {local_task_job_runner.py:123} INFO - ::group::Pre task execution logs
[2026-08-26T21:36:08.548+0000] {taskinstance.py:2603} INFO - Dependencies all met for dep_context=non-requeueable deps ti=<TaskInstance: data_quality_pipeline.process_bronze_to_silver_task scheduled__2026-08-25T00:00:00+00:00 [queued]>
[2026-08-26T21:36:08.555+0000] {taskinstance.py:2603} INFO - Dependencies all met for dep_context=requeueable deps ti=<TaskInstance: data_quality_pipeline.process_bronze_to_silver_task scheduled__2026-08-25T00:00:00+00:00 [queued]>
[2026-08-26T21:36:08.557+0000] {taskinstance.py:2856} INFO - Starting attempt 1 of 2
[2026-08-26T21:36:08.573+0000] {taskinstance.py:2879} INFO - Executing <Task(PythonOperator): process_bronze_to_silver_task> on 2026-08-25 00:00:00+00:00
[2026-08-26T21:36:08.583+0000] {standard_task_runner.py:72} INFO - Started process 323 to run task
[2026-08-26T21:36:08.586+0000] {standard_task_runner.py:104} INFO - Running: ['airflow', 'tasks', 'run', 'data_quality_pipeline', 'process_bronze_to_silver_task', 'scheduled__2026-08-25T00:00:00+00:00', '--job-id', '2', '--raw', '--subdir', 'DAGS_FOLDER/data_quality_pipeline_dag.py', '--cfg-path', '/tmp/tmpnk2qukjb']
[2026-08-26T21:36:08.591+0000] {standard_task_runner.py:105} INFO - Job 2: Subtask process_bronze_to_silver_task
[2026-08-26T21:36:08.671+0000] {task_command.py:467} INFO - Running <TaskInstance: data_quality_pipeline.process_bronze_to_silver_task scheduled__2026-08-25T00:00:00+00:00 [running]> on host 0d6fafb25d0b
[2026-08-26T21:36:08.731+0000] {taskinstance.py:3122} INFO - Exporting env vars: AIRFLOW_CTX_DAG_OWNER='zeliha' AIRFLOW_CTX_DAG_ID='data_quality_pipeline' AIRFLOW_CTX_TASK_ID='process_bronze_to_silver_task' AIRFLOW_CTX_EXECUTION_DATE='2026-08-25T00:00:00+00:00' AIRFLOW_CTX_TRY_NUMBER='1' AIRFLOW_CTX_DAG_RUN_ID='scheduled__2026-08-25T00:00:00+00:00'
[2026-08-26T21:36:08.734+0000] {taskinstance.py:731} INFO - ::endgroup::
[2026-08-26T21:36:08.762+0000] {logging_mixin.py:190} INFO - Reading 1M rows with Polars...
[2026-08-26T21:36:10.774+0000] {logging_mixin.py:190} INFO - Silver Layer created: /opt/airflow/data/silver/clean_sales.parquet
[2026-08-26T21:36:10.778+0000] {python.py:240} INFO - Done. Returned value was: None
[2026-08-26T21:36:10.788+0000] {taskinstance.py:340} INFO - ::group::Post task execution logs
[2026-08-26T21:36:10.791+0000] {taskinstance.py:352} INFO - Marking task as SUCCESS. dag_id=data_quality_pipeline, task_id=process_bronze_to_silver_task, run_id=scheduled__2026-08-25T00:00:00+00:00, execution_date=20260825T000000, start_date=20260826T213608, end_date=20260826T213610
[2026-08-26T21:36:10.833+0000] {local_task_job_runner.py:261} INFO - Task exited with return code 0
[2026-08-26T21:36:10.854+0000] {taskinstance.py:3891} INFO - 1 downstream tasks scheduled from follow-on schedule check
[2026-08-26T21:36:10.861+0000] {local_task_job_runner.py:240} INFO - ::endgroup::
