[2026-08-26T20:30:49.843+0000] {local_task_job_runner.py:123} INFO - ::group::Pre task execution logs
[2026-08-26T20:30:49.856+0000] {taskinstance.py:2603} INFO - Dependencies all met for dep_context=non-requeueable deps ti=<TaskInstance: data_quality_pipeline.aggregate_data_gold manual__2026-08-26T20:30:40.046313+00:00 [queued]>
[2026-08-26T20:30:49.866+0000] {taskinstance.py:2603} INFO - Dependencies all met for dep_context=requeueable deps ti=<TaskInstance: data_quality_pipeline.aggregate_data_gold manual__2026-08-26T20:30:40.046313+00:00 [queued]>
[2026-08-26T20:30:49.869+0000] {taskinstance.py:2856} INFO - Starting attempt 1 of 2
[2026-08-26T20:30:49.889+0000] {taskinstance.py:2879} INFO - Executing <Task(PythonOperator): aggregate_data_gold> on 2026-08-26 20:30:40.046313+00:00
[2026-08-26T20:30:49.901+0000] {standard_task_runner.py:72} INFO - Started process 534 to run task
[2026-08-26T20:30:49.907+0000] {standard_task_runner.py:104} INFO - Running: ['airflow', 'tasks', 'run', 'data_quality_pipeline', 'aggregate_data_gold', 'manual__2026-08-26T20:30:40.046313+00:00', '--job-id', '6', '--raw', '--subdir', 'DAGS_FOLDER/data_quality_pipeline_dag.py', '--cfg-path', '/tmp/tmpkqzfp644']
[2026-08-26T20:30:49.912+0000] {standard_task_runner.py:105} INFO - Job 6: Subtask aggregate_data_gold
[2026-08-26T20:30:49.989+0000] {task_command.py:467} INFO - Running <TaskInstance: data_quality_pipeline.aggregate_data_gold manual__2026-08-26T20:30:40.046313+00:00 [running]> on host 12ed75a11a95
[2026-08-26T20:30:50.072+0000] {taskinstance.py:3122} INFO - Exporting env vars: AIRFLOW_CTX_DAG_OWNER='zeliha' AIRFLOW_CTX_DAG_ID='data_quality_pipeline' AIRFLOW_CTX_TASK_ID='aggregate_data_gold' AIRFLOW_CTX_EXECUTION_DATE='2026-08-26T20:30:40.046313+00:00' AIRFLOW_CTX_TRY_NUMBER='1' AIRFLOW_CTX_DAG_RUN_ID='manual__2026-08-26T20:30:40.046313+00:00'
[2026-08-26T20:30:50.075+0000] {taskinstance.py:731} INFO - ::endgroup::
[2026-08-26T20:30:51.350+0000] {logging_mixin.py:190} INFO - --- Gold Layer: Store Performance Report ---
[2026-08-26T20:30:51.353+0000] {logging_mixin.py:190} INFO - shape: (5, 4)
┌────────────────┬─────────────┬────────────────────┬─────────────────┐
│ store_location ┆ total_sales ┆ total_transactions ┆ avg_order_value │
│ ---            ┆ ---         ┆ ---                ┆ ---             │
│ str            ┆ f64         ┆ i64                ┆ f64             │
╞════════════════╪═════════════╪════════════════════╪═════════════════╡
│ Istanbul       ┆ 910.5       ┆ 3                  ┆ 303.5           │
│ Izmir          ┆ 550.0       ┆ 1                  ┆ 550.0           │
│ Ankara         ┆ 430.0       ┆ 2                  ┆ 215.0           │
│ Bursa          ┆ 150.0       ┆ 1                  ┆ 150.0           │
│ Antalya        ┆ 89.9        ┆ 1                  ┆ 89.9            │
└────────────────┴─────────────┴────────────────────┴─────────────────┘
[2026-08-26T20:30:51.383+0000] {logging_mixin.py:190} INFO - Gold Layer: Business insights saved to /opt/airflow/data/gold/store_performance.csv
[2026-08-26T20:30:51.388+0000] {python.py:240} INFO - Done. Returned value was: None
[2026-08-26T20:30:51.396+0000] {taskinstance.py:340} INFO - ::group::Post task execution logs
[2026-08-26T20:30:51.398+0000] {taskinstance.py:352} INFO - Marking task as SUCCESS. dag_id=data_quality_pipeline, task_id=aggregate_data_gold, run_id=manual__2026-08-26T20:30:40.046313+00:00, execution_date=20260826T203040, start_date=20260826T203049, end_date=20260826T203051
[2026-08-26T20:30:51.463+0000] {local_task_job_runner.py:261} INFO - Task exited with return code 0
[2026-08-26T20:30:51.475+0000] {taskinstance.py:3891} INFO - 0 downstream tasks scheduled from follow-on schedule check
[2026-08-26T20:30:51.478+0000] {local_task_job_runner.py:240} INFO - ::endgroup::
