[2026-08-25T20:39:59.533+0000] {manager.py:470} INFO - Processing files using up to 1 processes at a time 
[2026-08-25T20:39:59.536+0000] {manager.py:471} INFO - Process each file at most once every 30 seconds
[2026-08-25T20:39:59.539+0000] {manager.py:472} INFO - Checking for new files in /opt/airflow/dags every 300 seconds
[2026-08-25T20:39:59.543+0000] {manager.py:737} INFO - Searching for files in /opt/airflow/dags
[2026-08-25T20:39:59.558+0000] {manager.py:740} INFO - There are 0 files in /opt/airflow/dags
[2026-08-25T20:44:59.545+0000] {manager.py:737} INFO - Searching for files in /opt/airflow/dags
[2026-08-25T20:44:59.552+0000] {manager.py:740} INFO - There are 0 files in /opt/airflow/dags
[2026-08-25T20:45:31.243+0000] {manager.py:452} INFO - Exiting gracefully upon receiving signal 15
[2026-08-25T20:45:45.603+0000] {manager.py:470} INFO - Processing files using up to 1 processes at a time 
[2026-08-25T20:45:45.605+0000] {manager.py:471} INFO - Process each file at most once every 30 seconds
[2026-08-25T20:45:45.609+0000] {manager.py:472} INFO - Checking for new files in /opt/airflow/dags every 300 seconds
[2026-08-25T20:45:45.624+0000] {manager.py:737} INFO - Searching for files in /opt/airflow/dags
[2026-08-25T20:45:45.637+0000] {manager.py:740} INFO - There are 0 files in /opt/airflow/dags
[2026-08-25T20:47:08.511+0000] {manager.py:452} INFO - Exiting gracefully upon receiving signal 15
[2026-08-25T20:47:40.024+0000] {manager.py:470} INFO - Processing files using up to 1 processes at a time 
[2026-08-25T20:47:40.027+0000] {manager.py:471} INFO - Process each file at most once every 30 seconds
[2026-08-25T20:47:40.028+0000] {manager.py:472} INFO - Checking for new files in /opt/airflow/dags every 300 seconds
[2026-08-25T20:47:40.029+0000] {manager.py:737} INFO - Searching for files in /opt/airflow/dags
[2026-08-25T20:47:40.037+0000] {manager.py:740} INFO - There are 0 files in /opt/airflow/dags
[2026-08-25T20:51:23.801+0000] {manager.py:452} INFO - Exiting gracefully upon receiving signal 15
[2026-08-26T04:09:35.962+0000] {manager.py:470} INFO - Processing files using up to 1 processes at a time 
[2026-08-26T04:09:35.966+0000] {manager.py:471} INFO - Process each file at most once every 30 seconds
[2026-08-26T04:09:35.970+0000] {manager.py:472} INFO - Checking for new files in /opt/airflow/dags every 300 seconds
[2026-08-26T04:09:35.974+0000] {manager.py:737} INFO - Searching for files in /opt/airflow/dags
[2026-08-26T04:09:35.997+0000] {manager.py:740} INFO - There are 0 files in /opt/airflow/dags
[2026-08-26T04:14:36.055+0000] {manager.py:737} INFO - Searching for files in /opt/airflow/dags
[2026-08-26T04:14:36.081+0000] {manager.py:740} INFO - There are 0 files in /opt/airflow/dags
[2026-08-26T04:19:36.265+0000] {manager.py:737} INFO - Searching for files in /opt/airflow/dags
[2026-08-26T04:19:36.291+0000] {manager.py:740} INFO - There are 0 files in /opt/airflow/dags
[2026-08-26T05:56:59.665+0000] {manager.py:737} INFO - Searching for files in /opt/airflow/dags
[2026-08-26T05:57:00.973+0000] {manager.py:740} INFO - There are 0 files in /opt/airflow/dags
[2026-08-26T07:21:39.100+0000] {manager.py:737} INFO - Searching for files in /opt/airflow/dags
[2026-08-26T07:21:39.363+0000] {manager.py:740} INFO - There are 0 files in /opt/airflow/dags
[2026-08-26T17:03:02.920+0000] {manager.py:737} INFO - Searching for files in /opt/airflow/dags
[2026-08-26T17:03:04.259+0000] {manager.py:740} INFO - There are 0 files in /opt/airflow/dags
[2026-08-26T17:08:03.686+0000] {manager.py:737} INFO - Searching for files in /opt/airflow/dags
[2026-08-26T17:08:03.723+0000] {manager.py:740} INFO - There are 0 files in /opt/airflow/dags
[2026-08-26T17:13:04.039+0000] {manager.py:737} INFO - Searching for files in /opt/airflow/dags
[2026-08-26T17:13:04.072+0000] {manager.py:740} INFO - There are 0 files in /opt/airflow/dags
[2026-08-26T17:18:04.386+0000] {manager.py:737} INFO - Searching for files in /opt/airflow/dags
[2026-08-26T17:18:04.452+0000] {manager.py:740} INFO - There are 0 files in /opt/airflow/dags
[2026-08-26T17:23:04.510+0000] {manager.py:737} INFO - Searching for files in /opt/airflow/dags
[2026-08-26T17:23:04.666+0000] {manager.py:740} INFO - There are 0 files in /opt/airflow/dags
[2026-08-26T17:28:05.310+0000] {manager.py:737} INFO - Searching for files in /opt/airflow/dags
[2026-08-26T17:28:05.388+0000] {manager.py:740} INFO - There are 0 files in /opt/airflow/dags
[2026-08-26T17:33:06.172+0000] {manager.py:737} INFO - Searching for files in /opt/airflow/dags
[2026-08-26T17:33:06.418+0000] {manager.py:740} INFO - There are 0 files in /opt/airflow/dags
[2026-08-26T17:38:07.120+0000] {manager.py:737} INFO - Searching for files in /opt/airflow/dags
[2026-08-26T17:38:07.145+0000] {manager.py:740} INFO - There are 0 files in /opt/airflow/dags
[2026-08-26T17:43:07.135+0000] {manager.py:737} INFO - Searching for files in /opt/airflow/dags
[2026-08-26T17:43:07.187+0000] {manager.py:740} INFO - There are 0 files in /opt/airflow/dags
[2026-08-26T17:48:08.141+0000] {manager.py:737} INFO - Searching for files in /opt/airflow/dags
[2026-08-26T17:48:08.185+0000] {manager.py:740} INFO - There are 0 files in /opt/airflow/dags
[2026-08-26T17:53:08.709+0000] {manager.py:737} INFO - Searching for files in /opt/airflow/dags
[2026-08-26T17:53:08.727+0000] {manager.py:740} INFO - There are 0 files in /opt/airflow/dags
[2026-08-26T17:58:08.958+0000] {manager.py:737} INFO - Searching for files in /opt/airflow/dags
[2026-08-26T17:58:09.114+0000] {manager.py:740} INFO - There are 0 files in /opt/airflow/dags
[2026-08-26T18:03:09.175+0000] {manager.py:737} INFO - Searching for files in /opt/airflow/dags
[2026-08-26T18:03:09.335+0000] {manager.py:740} INFO - There are 0 files in /opt/airflow/dags
[2026-08-26T19:45:51.738+0000] {manager.py:737} INFO - Searching for files in /opt/airflow/dags
[2026-08-26T19:45:52.366+0000] {manager.py:740} INFO - There are 0 files in /opt/airflow/dags
[2026-08-26T19:50:03.679+0000] {manager.py:470} INFO - Processing files using up to 1 processes at a time 
[2026-08-26T19:50:03.682+0000] {manager.py:471} INFO - Process each file at most once every 30 seconds
[2026-08-26T19:50:03.684+0000] {manager.py:472} INFO - Checking for new files in /opt/airflow/dags every 300 seconds
[2026-08-26T19:50:03.687+0000] {manager.py:737} INFO - Searching for files in /opt/airflow/dags
[2026-08-26T19:50:03.705+0000] {manager.py:740} INFO - There are 0 files in /opt/airflow/dags
[2026-08-26T19:55:14.546+0000] {manager.py:470} INFO - Processing files using up to 1 processes at a time 
[2026-08-26T19:55:14.549+0000] {manager.py:471} INFO - Process each file at most once every 30 seconds
[2026-08-26T19:55:14.552+0000] {manager.py:472} INFO - Checking for new files in /opt/airflow/dags every 300 seconds
[2026-08-26T19:55:14.554+0000] {manager.py:737} INFO - Searching for files in /opt/airflow/dags
[2026-08-26T19:55:14.595+0000] {manager.py:740} INFO - There are 1 files in /opt/airflow/dags
[2026-08-26T19:55:14.930+0000] {manager.py:878} INFO - 
================================================================================
DAG File Processing Stats

File Path                                       PID    Runtime      # DAGs    # Errors  Last Runtime    Last Run
----------------------------------------------  -----  ---------  --------  ----------  --------------  -------------------
/opt/airflow/dags/data_quality_pipeline_dag.py                           1           0  0.22s           2026-08-26T19:55:14
================================================================================
[2026-08-26T19:55:46.214+0000] {manager.py:878} INFO - 
================================================================================
DAG File Processing Stats

File Path                                       PID    Runtime      # DAGs    # Errors  Last Runtime    Last Run
----------------------------------------------  -----  ---------  --------  ----------  --------------  -------------------
/opt/airflow/dags/data_quality_pipeline_dag.py                           1           0  0.42s           2026-08-26T19:55:46
================================================================================
[2026-08-26T19:56:17.471+0000] {manager.py:878} INFO - 
================================================================================
DAG File Processing Stats

File Path                                       PID    Runtime      # DAGs    # Errors  Last Runtime    Last Run
----------------------------------------------  -----  ---------  --------  ----------  --------------  -------------------
/opt/airflow/dags/data_quality_pipeline_dag.py                           1           0  0.31s           2026-08-26T19:56:17
================================================================================
[2026-08-26T19:56:47.890+0000] {manager.py:878} INFO - 
================================================================================
DAG File Processing Stats

File Path                                       PID    Runtime      # DAGs    # Errors  Last Runtime    Last Run
----------------------------------------------  -----  ---------  --------  ----------  --------------  -------------------
/opt/airflow/dags/data_quality_pipeline_dag.py                           1           0  0.21s           2026-08-26T19:56:47
================================================================================
[2026-08-26T19:57:18.344+0000] {manager.py:878} INFO - 
================================================================================
DAG File Processing Stats

File Path                                       PID    Runtime      # DAGs    # Errors  Last Runtime    Last Run
----------------------------------------------  -----  ---------  --------  ----------  --------------  -------------------
/opt/airflow/dags/data_quality_pipeline_dag.py                           1           0  0.31s           2026-08-26T19:57:18
================================================================================
[2026-08-26T19:57:48.800+0000] {manager.py:878} INFO - 
================================================================================
DAG File Processing Stats

File Path                                       PID    Runtime      # DAGs    # Errors  Last Runtime    Last Run
----------------------------------------------  -----  ---------  --------  ----------  --------------  -------------------
/opt/airflow/dags/data_quality_pipeline_dag.py                           1           0  0.31s           2026-08-26T19:57:48
================================================================================
[2026-08-26T19:58:19.279+0000] {manager.py:878} INFO - 
================================================================================
DAG File Processing Stats

File Path                                       PID    Runtime      # DAGs    # Errors  Last Runtime    Last Run
----------------------------------------------  -----  ---------  --------  ----------  --------------  -------------------
/opt/airflow/dags/data_quality_pipeline_dag.py                           1           0  0.31s           2026-08-26T19:58:19
================================================================================
[2026-08-26T19:58:49.678+0000] {manager.py:878} INFO - 
================================================================================
DAG File Processing Stats

File Path                                       PID    Runtime      # DAGs    # Errors  Last Runtime    Last Run
----------------------------------------------  -----  ---------  --------  ----------  --------------  -------------------
/opt/airflow/dags/data_quality_pipeline_dag.py                           1           0  0.21s           2026-08-26T19:58:49
================================================================================
[2026-08-26T19:59:20.056+0000] {manager.py:878} INFO - 
================================================================================
DAG File Processing Stats

File Path                                       PID    Runtime      # DAGs    # Errors  Last Runtime    Last Run
----------------------------------------------  -----  ---------  --------  ----------  --------------  -------------------
/opt/airflow/dags/data_quality_pipeline_dag.py                           1           0  0.21s           2026-08-26T19:59:20
================================================================================
[2026-08-26T19:59:50.537+0000] {manager.py:878} INFO - 
================================================================================
DAG File Processing Stats

File Path                                       PID    Runtime      # DAGs    # Errors  Last Runtime    Last Run
----------------------------------------------  -----  ---------  --------  ----------  --------------  -------------------
/opt/airflow/dags/data_quality_pipeline_dag.py                           1           0  0.31s           2026-08-26T19:59:50
================================================================================
[2026-08-26T20:00:14.684+0000] {manager.py:737} INFO - Searching for files in /opt/airflow/dags
[2026-08-26T20:00:14.736+0000] {manager.py:740} INFO - There are 1 files in /opt/airflow/dags
[2026-08-26T20:00:21.012+0000] {manager.py:878} INFO - 
================================================================================
DAG File Processing Stats

File Path                                       PID    Runtime      # DAGs    # Errors  Last Runtime    Last Run
----------------------------------------------  -----  ---------  --------  ----------  --------------  -------------------
/opt/airflow/dags/data_quality_pipeline_dag.py                           1           0  0.31s           2026-08-26T20:00:21
================================================================================
[2026-08-26T20:00:51.502+0000] {manager.py:878} INFO - 
================================================================================
DAG File Processing Stats

File Path                                       PID    Runtime      # DAGs    # Errors  Last Runtime    Last Run
----------------------------------------------  -----  ---------  --------  ----------  --------------  -------------------
/opt/airflow/dags/data_quality_pipeline_dag.py                           1           0  0.31s           2026-08-26T20:00:51
================================================================================
[2026-08-26T20:01:21.981+0000] {manager.py:878} INFO - 
================================================================================
DAG File Processing Stats

File Path                                       PID    Runtime      # DAGs    # Errors  Last Runtime    Last Run
----------------------------------------------  -----  ---------  --------  ----------  --------------  -------------------
/opt/airflow/dags/data_quality_pipeline_dag.py                           1           0  0.31s           2026-08-26T20:01:21
================================================================================
[2026-08-26T20:22:36.595+0000] {manager.py:483} INFO - Processing files using up to 1 processes at a time 
[2026-08-26T20:22:36.600+0000] {manager.py:484} INFO - Process each file at most once every 30 seconds
[2026-08-26T20:22:36.604+0000] {manager.py:485} INFO - Checking for new files in /opt/airflow/dags every 300 seconds
[2026-08-26T20:22:36.607+0000] {manager.py:821} INFO - Searching for files in /opt/airflow/dags
[2026-08-26T20:22:36.657+0000] {manager.py:824} INFO - There are 1 files in /opt/airflow/dags
[2026-08-26T20:22:38.102+0000] {manager.py:997} INFO - 
================================================================================
DAG File Processing Stats

File Path                                       PID    Runtime      # DAGs    # Errors  Last Runtime    Last Run               Last # of DB Queries
----------------------------------------------  -----  ---------  --------  ----------  --------------  -------------------  ----------------------
/opt/airflow/dags/data_quality_pipeline_dag.py                           1           0  1.33s           2026-08-26T20:22:38                      26
================================================================================
[2026-08-26T20:23:09.390+0000] {manager.py:997} INFO - 
================================================================================
DAG File Processing Stats

File Path                                       PID    Runtime      # DAGs    # Errors  Last Runtime    Last Run               Last # of DB Queries
----------------------------------------------  -----  ---------  --------  ----------  --------------  -------------------  ----------------------
/opt/airflow/dags/data_quality_pipeline_dag.py                           1           0  0.41s           2026-08-26T20:23:09                      12
================================================================================
[2026-08-26T20:23:40.776+0000] {manager.py:997} INFO - 
================================================================================
DAG File Processing Stats

File Path                                       PID    Runtime      # DAGs    # Errors  Last Runtime    Last Run               Last # of DB Queries
----------------------------------------------  -----  ---------  --------  ----------  --------------  -------------------  ----------------------
/opt/airflow/dags/data_quality_pipeline_dag.py                           1           0  0.41s           2026-08-26T20:23:40                      12
================================================================================
[2026-08-26T20:24:12.246+0000] {manager.py:997} INFO - 
================================================================================
DAG File Processing Stats

File Path                                       PID    Runtime      # DAGs    # Errors  Last Runtime    Last Run               Last # of DB Queries
----------------------------------------------  -----  ---------  --------  ----------  --------------  -------------------  ----------------------
/opt/airflow/dags/data_quality_pipeline_dag.py                           1           0  0.51s           2026-08-26T20:24:12                      12
================================================================================
[2026-08-26T20:24:43.331+0000] {manager.py:997} INFO - 
================================================================================
DAG File Processing Stats

File Path                                       PID    Runtime      # DAGs    # Errors  Last Runtime    Last Run               Last # of DB Queries
----------------------------------------------  -----  ---------  --------  ----------  --------------  -------------------  ----------------------
/opt/airflow/dags/data_quality_pipeline_dag.py                           1           0  0.41s           2026-08-26T20:24:43                      12
================================================================================
[2026-08-26T20:25:14.080+0000] {manager.py:997} INFO - 
================================================================================
DAG File Processing Stats

File Path                                       PID    Runtime      # DAGs    # Errors  Last Runtime    Last Run               Last # of DB Queries
----------------------------------------------  -----  ---------  --------  ----------  --------------  -------------------  ----------------------
/opt/airflow/dags/data_quality_pipeline_dag.py                           1           0  0.41s           2026-08-26T20:25:14                      12
================================================================================
[2026-08-26T20:25:44.523+0000] {manager.py:997} INFO - 
================================================================================
DAG File Processing Stats

File Path                                       PID    Runtime      # DAGs    # Errors  Last Runtime    Last Run               Last # of DB Queries
----------------------------------------------  -----  ---------  --------  ----------  --------------  -------------------  ----------------------
/opt/airflow/dags/data_quality_pipeline_dag.py                           1           0  0.41s           2026-08-26T20:25:44                      12
================================================================================
[2026-08-26T20:26:15.096+0000] {manager.py:997} INFO - 
================================================================================
DAG File Processing Stats

File Path                                       PID    Runtime      # DAGs    # Errors  Last Runtime    Last Run               Last # of DB Queries
----------------------------------------------  -----  ---------  --------  ----------  --------------  -------------------  ----------------------
/opt/airflow/dags/data_quality_pipeline_dag.py                           1           0  0.41s           2026-08-26T20:26:15                      12
================================================================================
[2026-08-26T20:26:45.683+0000] {manager.py:997} INFO - 
================================================================================
DAG File Processing Stats

File Path                                       PID    Runtime      # DAGs    # Errors  Last Runtime    Last Run               Last # of DB Queries
----------------------------------------------  -----  ---------  --------  ----------  --------------  -------------------  ----------------------
/opt/airflow/dags/data_quality_pipeline_dag.py                           1           0  0.41s           2026-08-26T20:26:45                      12
================================================================================
[2026-08-26T20:27:16.201+0000] {manager.py:997} INFO - 
================================================================================
DAG File Processing Stats

File Path                                       PID    Runtime      # DAGs    # Errors  Last Runtime    Last Run               Last # of DB Queries
----------------------------------------------  -----  ---------  --------  ----------  --------------  -------------------  ----------------------
/opt/airflow/dags/data_quality_pipeline_dag.py                           1           0  0.31s           2026-08-26T20:27:16                      12
================================================================================
[2026-08-26T20:27:37.078+0000] {manager.py:821} INFO - Searching for files in /opt/airflow/dags
[2026-08-26T20:27:37.130+0000] {manager.py:824} INFO - There are 1 files in /opt/airflow/dags
[2026-08-26T20:27:46.810+0000] {manager.py:997} INFO - 
================================================================================
DAG File Processing Stats

File Path                                       PID    Runtime      # DAGs    # Errors  Last Runtime    Last Run               Last # of DB Queries
----------------------------------------------  -----  ---------  --------  ----------  --------------  -------------------  ----------------------
/opt/airflow/dags/data_quality_pipeline_dag.py                           1           0  0.41s           2026-08-26T20:27:46                      12
================================================================================
[2026-08-26T20:28:17.379+0000] {manager.py:997} INFO - 
================================================================================
DAG File Processing Stats

File Path                                       PID    Runtime      # DAGs    # Errors  Last Runtime    Last Run               Last # of DB Queries
----------------------------------------------  -----  ---------  --------  ----------  --------------  -------------------  ----------------------
/opt/airflow/dags/data_quality_pipeline_dag.py                           1           0  0.41s           2026-08-26T20:28:17                      12
================================================================================
[2026-08-26T20:28:47.964+0000] {manager.py:997} INFO - 
================================================================================
DAG File Processing Stats

File Path                                       PID    Runtime      # DAGs    # Errors  Last Runtime    Last Run               Last # of DB Queries
----------------------------------------------  -----  ---------  --------  ----------  --------------  -------------------  ----------------------
/opt/airflow/dags/data_quality_pipeline_dag.py                           1           0  0.41s           2026-08-26T20:28:47                      12
================================================================================
[2026-08-26T20:29:18.443+0000] {manager.py:997} INFO - 
================================================================================
DAG File Processing Stats

File Path                                       PID    Runtime      # DAGs    # Errors  Last Runtime    Last Run               Last # of DB Queries
----------------------------------------------  -----  ---------  --------  ----------  --------------  -------------------  ----------------------
/opt/airflow/dags/data_quality_pipeline_dag.py                           1           0  0.31s           2026-08-26T20:29:18                      12
================================================================================
[2026-08-26T20:29:48.570+0000] {manager.py:997} INFO - 
================================================================================
DAG File Processing Stats

File Path                                       PID    Runtime      # DAGs    # Errors  Last Runtime    Last Run               Last # of DB Queries
----------------------------------------------  -----  ---------  --------  ----------  --------------  -------------------  ----------------------
/opt/airflow/dags/data_quality_pipeline_dag.py                           1           0  1.12s           2026-08-26T20:29:26                      22
================================================================================
[2026-08-26T20:30:18.695+0000] {manager.py:997} INFO - 
================================================================================
DAG File Processing Stats

File Path                                       PID    Runtime      # DAGs    # Errors  Last Runtime    Last Run               Last # of DB Queries
----------------------------------------------  -----  ---------  --------  ----------  --------------  -------------------  ----------------------
/opt/airflow/dags/data_quality_pipeline_dag.py                           1           0  0.42s           2026-08-26T20:29:57                      12
================================================================================
[2026-08-26T20:30:52.174+0000] {manager.py:997} INFO - 
================================================================================
DAG File Processing Stats

File Path                                       PID    Runtime      # DAGs    # Errors  Last Runtime    Last Run               Last # of DB Queries
----------------------------------------------  -----  ---------  --------  ----------  --------------  -------------------  ----------------------
/opt/airflow/dags/data_quality_pipeline_dag.py                           1           0  0.51s           2026-08-26T20:30:28                      12
================================================================================
[2026-08-26T20:31:22.242+0000] {manager.py:997} INFO - 
================================================================================
DAG File Processing Stats

File Path                                       PID    Runtime      # DAGs    # Errors  Last Runtime    Last Run               Last # of DB Queries
----------------------------------------------  -----  ---------  --------  ----------  --------------  -------------------  ----------------------
/opt/airflow/dags/data_quality_pipeline_dag.py                           1           0  0.42s           2026-08-26T20:30:59                      12
================================================================================
[2026-08-26T20:31:52.380+0000] {manager.py:997} INFO - 
================================================================================
DAG File Processing Stats

File Path                                       PID    Runtime      # DAGs    # Errors  Last Runtime    Last Run               Last # of DB Queries
----------------------------------------------  -----  ---------  --------  ----------  --------------  -------------------  ----------------------
/opt/airflow/dags/data_quality_pipeline_dag.py                           1           0  0.41s           2026-08-26T20:31:31                      12
================================================================================
[2026-08-26T20:32:22.506+0000] {manager.py:997} INFO - 
================================================================================
DAG File Processing Stats

File Path                                       PID    Runtime      # DAGs    # Errors  Last Runtime    Last Run               Last # of DB Queries
----------------------------------------------  -----  ---------  --------  ----------  --------------  -------------------  ----------------------
/opt/airflow/dags/data_quality_pipeline_dag.py                           1           0  0.31s           2026-08-26T20:32:02                      12
================================================================================
[2026-08-26T20:32:37.333+0000] {manager.py:821} INFO - Searching for files in /opt/airflow/dags
[2026-08-26T20:32:37.388+0000] {manager.py:824} INFO - There are 1 files in /opt/airflow/dags
[2026-08-26T20:32:52.526+0000] {manager.py:997} INFO - 
================================================================================
DAG File Processing Stats

File Path                                       PID    Runtime      # DAGs    # Errors  Last Runtime    Last Run               Last # of DB Queries
----------------------------------------------  -----  ---------  --------  ----------  --------------  -------------------  ----------------------
/opt/airflow/dags/data_quality_pipeline_dag.py                           1           0  0.41s           2026-08-26T20:32:32                      12
================================================================================
[2026-08-26T20:33:23.016+0000] {manager.py:997} INFO - 
================================================================================
DAG File Processing Stats

File Path                                       PID    Runtime      # DAGs    # Errors  Last Runtime    Last Run               Last # of DB Queries
----------------------------------------------  -----  ---------  --------  ----------  --------------  -------------------  ----------------------
/opt/airflow/dags/data_quality_pipeline_dag.py                           1           0  0.51s           2026-08-26T20:33:03                      12
================================================================================
[2026-08-26T20:33:53.463+0000] {manager.py:997} INFO - 
================================================================================
DAG File Processing Stats

File Path                                       PID    Runtime      # DAGs    # Errors  Last Runtime    Last Run               Last # of DB Queries
----------------------------------------------  -----  ---------  --------  ----------  --------------  -------------------  ----------------------
/opt/airflow/dags/data_quality_pipeline_dag.py                           1           0  0.41s           2026-08-26T20:33:34                      12
================================================================================
[2026-08-26T20:34:23.558+0000] {manager.py:997} INFO - 
================================================================================
DAG File Processing Stats

File Path                                       PID    Runtime      # DAGs    # Errors  Last Runtime    Last Run               Last # of DB Queries
----------------------------------------------  -----  ---------  --------  ----------  --------------  -------------------  ----------------------
/opt/airflow/dags/data_quality_pipeline_dag.py                           1           0  0.51s           2026-08-26T20:34:04                      12
================================================================================
[2026-08-26T20:34:53.647+0000] {manager.py:997} INFO - 
================================================================================
DAG File Processing Stats

File Path                                       PID    Runtime      # DAGs    # Errors  Last Runtime    Last Run               Last # of DB Queries
----------------------------------------------  -----  ---------  --------  ----------  --------------  -------------------  ----------------------
/opt/airflow/dags/data_quality_pipeline_dag.py                           1           0  0.31s           2026-08-26T20:34:35                      12
================================================================================
[2026-08-26T20:35:23.742+0000] {manager.py:997} INFO - 
================================================================================
DAG File Processing Stats

File Path                                       PID    Runtime      # DAGs    # Errors  Last Runtime    Last Run               Last # of DB Queries
----------------------------------------------  -----  ---------  --------  ----------  --------------  -------------------  ----------------------
/opt/airflow/dags/data_quality_pipeline_dag.py                           1           0  0.43s           2026-08-26T20:35:05                      12
================================================================================
[2026-08-26T20:35:53.823+0000] {manager.py:997} INFO - 
================================================================================
DAG File Processing Stats

File Path                                       PID    Runtime      # DAGs    # Errors  Last Runtime    Last Run               Last # of DB Queries
----------------------------------------------  -----  ---------  --------  ----------  --------------  -------------------  ----------------------
/opt/airflow/dags/data_quality_pipeline_dag.py                           1           0  0.51s           2026-08-26T20:35:36                      12
================================================================================
[2026-08-26T20:36:23.922+0000] {manager.py:997} INFO - 
================================================================================
DAG File Processing Stats

File Path                                       PID    Runtime      # DAGs    # Errors  Last Runtime    Last Run               Last # of DB Queries
----------------------------------------------  -----  ---------  --------  ----------  --------------  -------------------  ----------------------
/opt/airflow/dags/data_quality_pipeline_dag.py                           1           0  0.42s           2026-08-26T20:36:07                      12
================================================================================
[2026-08-26T20:36:54.033+0000] {manager.py:997} INFO - 
================================================================================
DAG File Processing Stats

File Path                                       PID    Runtime      # DAGs    # Errors  Last Runtime    Last Run               Last # of DB Queries
----------------------------------------------  -----  ---------  --------  ----------  --------------  -------------------  ----------------------
/opt/airflow/dags/data_quality_pipeline_dag.py                           1           0  0.41s           2026-08-26T20:36:29                      22
================================================================================
[2026-08-26T20:37:24.115+0000] {manager.py:997} INFO - 
================================================================================
DAG File Processing Stats

File Path                                       PID    Runtime      # DAGs    # Errors  Last Runtime    Last Run               Last # of DB Queries
----------------------------------------------  -----  ---------  --------  ----------  --------------  -------------------  ----------------------
/opt/airflow/dags/data_quality_pipeline_dag.py                           1           0  0.41s           2026-08-26T20:37:01                      12
================================================================================
[2026-08-26T20:37:37.597+0000] {manager.py:821} INFO - Searching for files in /opt/airflow/dags
[2026-08-26T20:37:37.649+0000] {manager.py:824} INFO - There are 1 files in /opt/airflow/dags
[2026-08-26T20:37:54.218+0000] {manager.py:997} INFO - 
================================================================================
DAG File Processing Stats

File Path                                       PID    Runtime      # DAGs    # Errors  Last Runtime    Last Run               Last # of DB Queries
----------------------------------------------  -----  ---------  --------  ----------  --------------  -------------------  ----------------------
/opt/airflow/dags/data_quality_pipeline_dag.py                           1           0  0.41s           2026-08-26T20:37:32                      12
================================================================================
[2026-08-26T20:38:24.306+0000] {manager.py:997} INFO - 
================================================================================
DAG File Processing Stats

File Path                                       PID    Runtime      # DAGs    # Errors  Last Runtime    Last Run               Last # of DB Queries
----------------------------------------------  -----  ---------  --------  ----------  --------------  -------------------  ----------------------
/opt/airflow/dags/data_quality_pipeline_dag.py                           1           0  0.31s           2026-08-26T20:38:03                      12
================================================================================
[2026-08-26T20:38:54.393+0000] {manager.py:997} INFO - 
================================================================================
DAG File Processing Stats

File Path                                       PID    Runtime      # DAGs    # Errors  Last Runtime    Last Run               Last # of DB Queries
----------------------------------------------  -----  ---------  --------  ----------  --------------  -------------------  ----------------------
/opt/airflow/dags/data_quality_pipeline_dag.py                           1           0  0.41s           2026-08-26T20:38:34                      12
================================================================================
[2026-08-26T20:39:24.473+0000] {manager.py:997} INFO - 
================================================================================
DAG File Processing Stats

File Path                                       PID    Runtime      # DAGs    # Errors  Last Runtime    Last Run               Last # of DB Queries
----------------------------------------------  -----  ---------  --------  ----------  --------------  -------------------  ----------------------
/opt/airflow/dags/data_quality_pipeline_dag.py                           1           0  0.42s           2026-08-26T20:39:05                      12
================================================================================
[2026-08-26T20:39:54.550+0000] {manager.py:997} INFO - 
================================================================================
DAG File Processing Stats

File Path                                       PID    Runtime      # DAGs    # Errors  Last Runtime    Last Run               Last # of DB Queries
----------------------------------------------  -----  ---------  --------  ----------  --------------  -------------------  ----------------------
/opt/airflow/dags/data_quality_pipeline_dag.py                           1           0  0.51s           2026-08-26T20:39:36                      12
================================================================================
[2026-08-26T20:40:24.645+0000] {manager.py:997} INFO - 
================================================================================
DAG File Processing Stats

File Path                                       PID    Runtime      # DAGs    # Errors  Last Runtime    Last Run               Last # of DB Queries
----------------------------------------------  -----  ---------  --------  ----------  --------------  -------------------  ----------------------
/opt/airflow/dags/data_quality_pipeline_dag.py                           1           0  0.51s           2026-08-26T20:40:07                      12
================================================================================
[2026-08-26T20:40:54.674+0000] {manager.py:997} INFO - 
================================================================================
DAG File Processing Stats

File Path                                       PID    Runtime      # DAGs    # Errors  Last Runtime    Last Run               Last # of DB Queries
----------------------------------------------  -----  ---------  --------  ----------  --------------  -------------------  ----------------------
/opt/airflow/dags/data_quality_pipeline_dag.py                           1           0  0.51s           2026-08-26T20:40:38                      12
================================================================================
[2026-08-26T20:41:24.802+0000] {manager.py:997} INFO - 
================================================================================
DAG File Processing Stats

File Path                                       PID    Runtime      # DAGs    # Errors  Last Runtime    Last Run               Last # of DB Queries
----------------------------------------------  -----  ---------  --------  ----------  --------------  -------------------  ----------------------
/opt/airflow/dags/data_quality_pipeline_dag.py                           1           0  0.41s           2026-08-26T20:41:09                      12
================================================================================
[2026-08-26T20:41:54.898+0000] {manager.py:997} INFO - 
================================================================================
DAG File Processing Stats

File Path                                       PID    Runtime      # DAGs    # Errors  Last Runtime    Last Run               Last # of DB Queries
----------------------------------------------  -----  ---------  --------  ----------  --------------  -------------------  ----------------------
/opt/airflow/dags/data_quality_pipeline_dag.py                           1           0  0.41s           2026-08-26T20:41:39                      12
================================================================================
[2026-08-26T20:42:25.139+0000] {manager.py:997} INFO - 
================================================================================
DAG File Processing Stats

File Path                                       PID    Runtime      # DAGs    # Errors  Last Runtime    Last Run               Last # of DB Queries
----------------------------------------------  -----  ---------  --------  ----------  --------------  -------------------  ----------------------
/opt/airflow/dags/data_quality_pipeline_dag.py                           1           0  0.41s           2026-08-26T20:42:10                      12
================================================================================
[2026-08-26T20:42:38.097+0000] {manager.py:821} INFO - Searching for files in /opt/airflow/dags
[2026-08-26T20:42:38.182+0000] {manager.py:824} INFO - There are 1 files in /opt/airflow/dags
[2026-08-26T20:42:55.784+0000] {manager.py:997} INFO - 
================================================================================
DAG File Processing Stats

File Path                                       PID    Runtime      # DAGs    # Errors  Last Runtime    Last Run               Last # of DB Queries
----------------------------------------------  -----  ---------  --------  ----------  --------------  -------------------  ----------------------
/opt/airflow/dags/data_quality_pipeline_dag.py                           1           0  0.51s           2026-08-26T20:42:40                      12
================================================================================
[2026-08-26T20:43:26.198+0000] {manager.py:997} INFO - 
================================================================================
DAG File Processing Stats

File Path                                       PID    Runtime      # DAGs    # Errors  Last Runtime    Last Run               Last # of DB Queries
----------------------------------------------  -----  ---------  --------  ----------  --------------  -------------------  ----------------------
/opt/airflow/dags/data_quality_pipeline_dag.py                           1           0  0.31s           2026-08-26T20:43:11                      12
================================================================================
[2026-08-26T20:43:56.747+0000] {manager.py:997} INFO - 
================================================================================
DAG File Processing Stats

File Path                                       PID    Runtime      # DAGs    # Errors  Last Runtime    Last Run               Last # of DB Queries
----------------------------------------------  -----  ---------  --------  ----------  --------------  -------------------  ----------------------
/opt/airflow/dags/data_quality_pipeline_dag.py                           1           0  0.41s           2026-08-26T20:43:41                      12
================================================================================
[2026-08-26T20:44:27.154+0000] {manager.py:997} INFO - 
================================================================================
DAG File Processing Stats

File Path                                       PID    Runtime      # DAGs    # Errors  Last Runtime    Last Run               Last # of DB Queries
----------------------------------------------  -----  ---------  --------  ----------  --------------  -------------------  ----------------------
/opt/airflow/dags/data_quality_pipeline_dag.py                           1           0  0.31s           2026-08-26T20:44:12                      12
================================================================================
[2026-08-26T20:44:57.709+0000] {manager.py:997} INFO - 
================================================================================
DAG File Processing Stats

File Path                                       PID    Runtime      # DAGs    # Errors  Last Runtime    Last Run               Last # of DB Queries
----------------------------------------------  -----  ---------  --------  ----------  --------------  -------------------  ----------------------
/opt/airflow/dags/data_quality_pipeline_dag.py                           1           0  0.42s           2026-08-26T20:44:42                      12
================================================================================
[2026-08-26T20:45:28.354+0000] {manager.py:997} INFO - 
================================================================================
DAG File Processing Stats

File Path                                       PID    Runtime      # DAGs    # Errors  Last Runtime    Last Run               Last # of DB Queries
----------------------------------------------  -----  ---------  --------  ----------  --------------  -------------------  ----------------------
/opt/airflow/dags/data_quality_pipeline_dag.py                           1           0  0.51s           2026-08-26T20:45:13                      12
================================================================================
[2026-08-26T20:45:58.399+0000] {manager.py:997} INFO - 
================================================================================
DAG File Processing Stats

File Path                                       PID    Runtime      # DAGs    # Errors  Last Runtime    Last Run               Last # of DB Queries
----------------------------------------------  -----  ---------  --------  ----------  --------------  -------------------  ----------------------
/opt/airflow/dags/data_quality_pipeline_dag.py                           1           0  0.61s           2026-08-26T20:45:44                      22
================================================================================
[2026-08-26T20:46:28.956+0000] {manager.py:997} INFO - 
================================================================================
DAG File Processing Stats

File Path                                       PID    Runtime      # DAGs    # Errors  Last Runtime    Last Run               Last # of DB Queries
----------------------------------------------  -----  ---------  --------  ----------  --------------  -------------------  ----------------------
/opt/airflow/dags/data_quality_pipeline_dag.py                           1           0  0.53s           2026-08-26T20:46:14                      12
================================================================================
[2026-08-26T20:46:59.606+0000] {manager.py:997} INFO - 
================================================================================
DAG File Processing Stats

File Path                                       PID    Runtime      # DAGs    # Errors  Last Runtime    Last Run               Last # of DB Queries
----------------------------------------------  -----  ---------  --------  ----------  --------------  -------------------  ----------------------
/opt/airflow/dags/data_quality_pipeline_dag.py                           1           0  0.51s           2026-08-26T20:46:45                      12
================================================================================
[2026-08-26T20:47:30.168+0000] {manager.py:997} INFO - 
================================================================================
DAG File Processing Stats

File Path                                       PID    Runtime      # DAGs    # Errors  Last Runtime    Last Run               Last # of DB Queries
----------------------------------------------  -----  ---------  --------  ----------  --------------  -------------------  ----------------------
/opt/airflow/dags/data_quality_pipeline_dag.py                           1           0  0.41s           2026-08-26T20:47:15                      12
================================================================================
[2026-08-26T20:47:38.412+0000] {manager.py:821} INFO - Searching for files in /opt/airflow/dags
[2026-08-26T20:47:38.477+0000] {manager.py:824} INFO - There are 1 files in /opt/airflow/dags
[2026-08-26T20:48:00.634+0000] {manager.py:997} INFO - 
================================================================================
DAG File Processing Stats

File Path                                       PID    Runtime      # DAGs    # Errors  Last Runtime    Last Run               Last # of DB Queries
----------------------------------------------  -----  ---------  --------  ----------  --------------  -------------------  ----------------------
/opt/airflow/dags/data_quality_pipeline_dag.py                           1           0  0.41s           2026-08-26T20:47:46                      12
================================================================================
[2026-08-26T20:48:31.211+0000] {manager.py:997} INFO - 
================================================================================
DAG File Processing Stats

File Path                                       PID    Runtime      # DAGs    # Errors  Last Runtime    Last Run               Last # of DB Queries
----------------------------------------------  -----  ---------  --------  ----------  --------------  -------------------  ----------------------
/opt/airflow/dags/data_quality_pipeline_dag.py                           1           0  0.41s           2026-08-26T20:48:16                      12
================================================================================
[2026-08-26T20:49:01.729+0000] {manager.py:997} INFO - 
================================================================================
DAG File Processing Stats

File Path                                       PID    Runtime      # DAGs    # Errors  Last Runtime    Last Run               Last # of DB Queries
----------------------------------------------  -----  ---------  --------  ----------  --------------  -------------------  ----------------------
/opt/airflow/dags/data_quality_pipeline_dag.py                           1           0  0.41s           2026-08-26T20:48:47                      12
================================================================================
[2026-08-26T20:49:32.145+0000] {manager.py:997} INFO - 
================================================================================
DAG File Processing Stats

File Path                                       PID    Runtime      # DAGs    # Errors  Last Runtime    Last Run               Last # of DB Queries
----------------------------------------------  -----  ---------  --------  ----------  --------------  -------------------  ----------------------
/opt/airflow/dags/data_quality_pipeline_dag.py                           1           0  0.31s           2026-08-26T20:49:17                      12
================================================================================
[2026-08-26T20:50:02.679+0000] {manager.py:997} INFO - 
================================================================================
DAG File Processing Stats

File Path                                       PID    Runtime      # DAGs    # Errors  Last Runtime    Last Run               Last # of DB Queries
----------------------------------------------  -----  ---------  --------  ----------  --------------  -------------------  ----------------------
/opt/airflow/dags/data_quality_pipeline_dag.py                           1           0  0.41s           2026-08-26T20:49:48                      12
================================================================================
[2026-08-26T20:50:37.638+0000] {manager.py:483} INFO - Processing files using up to 1 processes at a time 
[2026-08-26T20:50:37.643+0000] {manager.py:484} INFO - Process each file at most once every 30 seconds
[2026-08-26T20:50:37.647+0000] {manager.py:485} INFO - Checking for new files in /opt/airflow/dags every 300 seconds
[2026-08-26T20:50:37.650+0000] {manager.py:821} INFO - Searching for files in /opt/airflow/dags
[2026-08-26T20:50:37.708+0000] {manager.py:824} INFO - There are 1 files in /opt/airflow/dags
[2026-08-26T20:50:38.932+0000] {manager.py:997} INFO - 
================================================================================
DAG File Processing Stats

File Path                                       PID    Runtime      # DAGs    # Errors  Last Runtime    Last Run               Last # of DB Queries
----------------------------------------------  -----  ---------  --------  ----------  --------------  -------------------  ----------------------
/opt/airflow/dags/data_quality_pipeline_dag.py                           1           0  1.13s           2026-08-26T20:50:38                      26
================================================================================
[2026-08-26T20:51:09.590+0000] {manager.py:997} INFO - 
================================================================================
DAG File Processing Stats

File Path                                       PID    Runtime      # DAGs    # Errors  Last Runtime    Last Run               Last # of DB Queries
----------------------------------------------  -----  ---------  --------  ----------  --------------  -------------------  ----------------------
/opt/airflow/dags/data_quality_pipeline_dag.py                           1           0  0.51s           2026-08-26T20:51:09                      12
================================================================================
[2026-08-26T20:51:40.888+0000] {manager.py:997} INFO - 
================================================================================
DAG File Processing Stats

File Path                                       PID    Runtime      # DAGs    # Errors  Last Runtime    Last Run               Last # of DB Queries
----------------------------------------------  -----  ---------  --------  ----------  --------------  -------------------  ----------------------
/opt/airflow/dags/data_quality_pipeline_dag.py                           1           0  0.41s           2026-08-26T20:51:40                      12
================================================================================
[2026-08-26T20:52:12.238+0000] {manager.py:997} INFO - 
================================================================================
DAG File Processing Stats

File Path                                       PID    Runtime      # DAGs    # Errors  Last Runtime    Last Run               Last # of DB Queries
----------------------------------------------  -----  ---------  --------  ----------  --------------  -------------------  ----------------------
/opt/airflow/dags/data_quality_pipeline_dag.py                           1           0  0.42s           2026-08-26T20:52:12                      12
================================================================================
[2026-08-26T20:52:43.516+0000] {manager.py:997} INFO - 
================================================================================
DAG File Processing Stats

File Path                                       PID    Runtime      # DAGs    # Errors  Last Runtime    Last Run               Last # of DB Queries
----------------------------------------------  -----  ---------  --------  ----------  --------------  -------------------  ----------------------
/opt/airflow/dags/data_quality_pipeline_dag.py                           1           0  0.31s           2026-08-26T20:52:43                      12
================================================================================
