[2026-08-26T19:55:14.754+0000] {processor.py:161} INFO - Started process (PID=44) to work on /opt/airflow/dags/data_quality_pipeline_dag.py
[2026-08-26T19:55:14.757+0000] {processor.py:830} INFO - Processing file /opt/airflow/dags/data_quality_pipeline_dag.py for tasks to queue
[2026-08-26T19:55:14.761+0000] {logging_mixin.py:188} INFO - [2026-08-26T19:55:14.760+0000] {dagbag.py:545} INFO - Filling up the DagBag from /opt/airflow/dags/data_quality_pipeline_dag.py
[2026-08-26T19:55:14.794+0000] {processor.py:840} INFO - DAG(s) 'data_quality_pipeline' retrieved from /opt/airflow/dags/data_quality_pipeline_dag.py
[2026-08-26T19:55:14.846+0000] {logging_mixin.py:188} INFO - [2026-08-26T19:55:14.845+0000] {dag.py:3096} INFO - Sync 1 DAGs
[2026-08-26T19:55:14.878+0000] {logging_mixin.py:188} INFO - [2026-08-26T19:55:14.878+0000] {dag.py:3954} INFO - Setting next_dagrun for data_quality_pipeline to 2026-08-25 00:00:00+00:00, run_after=2026-08-26 00:00:00+00:00
[2026-08-26T19:55:14.916+0000] {processor.py:183} INFO - Processing /opt/airflow/dags/data_quality_pipeline_dag.py took 0.171 seconds
[2026-08-26T19:55:45.857+0000] {processor.py:161} INFO - Started process (PID=112) to work on /opt/airflow/dags/data_quality_pipeline_dag.py
[2026-08-26T19:55:45.862+0000] {processor.py:830} INFO - Processing file /opt/airflow/dags/data_quality_pipeline_dag.py for tasks to queue
[2026-08-26T19:55:45.868+0000] {logging_mixin.py:188} INFO - [2026-08-26T19:55:45.867+0000] {dagbag.py:545} INFO - Filling up the DagBag from /opt/airflow/dags/data_quality_pipeline_dag.py
[2026-08-26T19:55:45.923+0000] {processor.py:840} INFO - DAG(s) 'data_quality_pipeline' retrieved from /opt/airflow/dags/data_quality_pipeline_dag.py
[2026-08-26T19:55:46.073+0000] {logging_mixin.py:188} INFO - [2026-08-26T19:55:46.073+0000] {dag.py:3096} INFO - Sync 1 DAGs
[2026-08-26T19:55:46.097+0000] {logging_mixin.py:188} INFO - [2026-08-26T19:55:46.097+0000] {dag.py:3954} INFO - Setting next_dagrun for data_quality_pipeline to 2026-08-25 00:00:00+00:00, run_after=2026-08-26 00:00:00+00:00
[2026-08-26T19:55:46.128+0000] {processor.py:183} INFO - Processing /opt/airflow/dags/data_quality_pipeline_dag.py took 0.283 seconds
[2026-08-26T19:56:17.245+0000] {processor.py:161} INFO - Started process (PID=113) to work on /opt/airflow/dags/data_quality_pipeline_dag.py
[2026-08-26T19:56:17.253+0000] {processor.py:830} INFO - Processing file /opt/airflow/dags/data_quality_pipeline_dag.py for tasks to queue
[2026-08-26T19:56:17.260+0000] {logging_mixin.py:188} INFO - [2026-08-26T19:56:17.259+0000] {dagbag.py:545} INFO - Filling up the DagBag from /opt/airflow/dags/data_quality_pipeline_dag.py
[2026-08-26T19:56:17.321+0000] {processor.py:840} INFO - DAG(s) 'data_quality_pipeline' retrieved from /opt/airflow/dags/data_quality_pipeline_dag.py
[2026-08-26T19:56:17.361+0000] {logging_mixin.py:188} INFO - [2026-08-26T19:56:17.360+0000] {dag.py:3096} INFO - Sync 1 DAGs
[2026-08-26T19:56:17.396+0000] {logging_mixin.py:188} INFO - [2026-08-26T19:56:17.396+0000] {dag.py:3954} INFO - Setting next_dagrun for data_quality_pipeline to 2026-08-25 00:00:00+00:00, run_after=2026-08-26 00:00:00+00:00
[2026-08-26T19:56:17.436+0000] {processor.py:183} INFO - Processing /opt/airflow/dags/data_quality_pipeline_dag.py took 0.206 seconds
[2026-08-26T19:56:47.724+0000] {processor.py:161} INFO - Started process (PID=160) to work on /opt/airflow/dags/data_quality_pipeline_dag.py
[2026-08-26T19:56:47.727+0000] {processor.py:830} INFO - Processing file /opt/airflow/dags/data_quality_pipeline_dag.py for tasks to queue
[2026-08-26T19:56:47.730+0000] {logging_mixin.py:188} INFO - [2026-08-26T19:56:47.730+0000] {dagbag.py:545} INFO - Filling up the DagBag from /opt/airflow/dags/data_quality_pipeline_dag.py
[2026-08-26T19:56:47.762+0000] {processor.py:840} INFO - DAG(s) 'data_quality_pipeline' retrieved from /opt/airflow/dags/data_quality_pipeline_dag.py
[2026-08-26T19:56:47.780+0000] {logging_mixin.py:188} INFO - [2026-08-26T19:56:47.780+0000] {dag.py:3096} INFO - Sync 1 DAGs
[2026-08-26T19:56:47.794+0000] {logging_mixin.py:188} INFO - [2026-08-26T19:56:47.794+0000] {dag.py:3954} INFO - Setting next_dagrun for data_quality_pipeline to 2026-08-26 00:00:00+00:00, run_after=2026-08-27 00:00:00+00:00
[2026-08-26T19:56:47.817+0000] {processor.py:183} INFO - Processing /opt/airflow/dags/data_quality_pipeline_dag.py took 0.097 seconds
[2026-08-26T19:57:18.103+0000] {processor.py:161} INFO - Started process (PID=161) to work on /opt/airflow/dags/data_quality_pipeline_dag.py
[2026-08-26T19:57:18.109+0000] {processor.py:830} INFO - Processing file /opt/airflow/dags/data_quality_pipeline_dag.py for tasks to queue
[2026-08-26T19:57:18.115+0000] {logging_mixin.py:188} INFO - [2026-08-26T19:57:18.114+0000] {dagbag.py:545} INFO - Filling up the DagBag from /opt/airflow/dags/data_quality_pipeline_dag.py
[2026-08-26T19:57:18.165+0000] {processor.py:840} INFO - DAG(s) 'data_quality_pipeline' retrieved from /opt/airflow/dags/data_quality_pipeline_dag.py
[2026-08-26T19:57:18.200+0000] {logging_mixin.py:188} INFO - [2026-08-26T19:57:18.199+0000] {dag.py:3096} INFO - Sync 1 DAGs
[2026-08-26T19:57:18.228+0000] {logging_mixin.py:188} INFO - [2026-08-26T19:57:18.228+0000] {dag.py:3954} INFO - Setting next_dagrun for data_quality_pipeline to 2026-08-26 00:00:00+00:00, run_after=2026-08-27 00:00:00+00:00
[2026-08-26T19:57:18.262+0000] {processor.py:183} INFO - Processing /opt/airflow/dags/data_quality_pipeline_dag.py took 0.168 seconds
[2026-08-26T19:57:48.539+0000] {processor.py:161} INFO - Started process (PID=162) to work on /opt/airflow/dags/data_quality_pipeline_dag.py
[2026-08-26T19:57:48.546+0000] {processor.py:830} INFO - Processing file /opt/airflow/dags/data_quality_pipeline_dag.py for tasks to queue
[2026-08-26T19:57:48.553+0000] {logging_mixin.py:188} INFO - [2026-08-26T19:57:48.552+0000] {dagbag.py:545} INFO - Filling up the DagBag from /opt/airflow/dags/data_quality_pipeline_dag.py
[2026-08-26T19:57:48.606+0000] {processor.py:840} INFO - DAG(s) 'data_quality_pipeline' retrieved from /opt/airflow/dags/data_quality_pipeline_dag.py
[2026-08-26T19:57:48.645+0000] {logging_mixin.py:188} INFO - [2026-08-26T19:57:48.645+0000] {dag.py:3096} INFO - Sync 1 DAGs
[2026-08-26T19:57:48.677+0000] {logging_mixin.py:188} INFO - [2026-08-26T19:57:48.677+0000] {dag.py:3954} INFO - Setting next_dagrun for data_quality_pipeline to 2026-08-26 00:00:00+00:00, run_after=2026-08-27 00:00:00+00:00
[2026-08-26T19:57:48.718+0000] {processor.py:183} INFO - Processing /opt/airflow/dags/data_quality_pipeline_dag.py took 0.189 seconds
[2026-08-26T19:58:19.025+0000] {processor.py:161} INFO - Started process (PID=163) to work on /opt/airflow/dags/data_quality_pipeline_dag.py
[2026-08-26T19:58:19.031+0000] {processor.py:830} INFO - Processing file /opt/airflow/dags/data_quality_pipeline_dag.py for tasks to queue
[2026-08-26T19:58:19.037+0000] {logging_mixin.py:188} INFO - [2026-08-26T19:58:19.037+0000] {dagbag.py:545} INFO - Filling up the DagBag from /opt/airflow/dags/data_quality_pipeline_dag.py
[2026-08-26T19:58:19.087+0000] {processor.py:840} INFO - DAG(s) 'data_quality_pipeline' retrieved from /opt/airflow/dags/data_quality_pipeline_dag.py
[2026-08-26T19:58:19.115+0000] {logging_mixin.py:188} INFO - [2026-08-26T19:58:19.115+0000] {dag.py:3096} INFO - Sync 1 DAGs
[2026-08-26T19:58:19.145+0000] {logging_mixin.py:188} INFO - [2026-08-26T19:58:19.144+0000] {dag.py:3954} INFO - Setting next_dagrun for data_quality_pipeline to 2026-08-26 00:00:00+00:00, run_after=2026-08-27 00:00:00+00:00
[2026-08-26T19:58:19.178+0000] {processor.py:183} INFO - Processing /opt/airflow/dags/data_quality_pipeline_dag.py took 0.165 seconds
[2026-08-26T19:58:49.515+0000] {processor.py:161} INFO - Started process (PID=164) to work on /opt/airflow/dags/data_quality_pipeline_dag.py
[2026-08-26T19:58:49.522+0000] {processor.py:830} INFO - Processing file /opt/airflow/dags/data_quality_pipeline_dag.py for tasks to queue
[2026-08-26T19:58:49.528+0000] {logging_mixin.py:188} INFO - [2026-08-26T19:58:49.527+0000] {dagbag.py:545} INFO - Filling up the DagBag from /opt/airflow/dags/data_quality_pipeline_dag.py
[2026-08-26T19:58:49.577+0000] {processor.py:840} INFO - DAG(s) 'data_quality_pipeline' retrieved from /opt/airflow/dags/data_quality_pipeline_dag.py
[2026-08-26T19:58:49.607+0000] {logging_mixin.py:188} INFO - [2026-08-26T19:58:49.607+0000] {dag.py:3096} INFO - Sync 1 DAGs
[2026-08-26T19:58:49.634+0000] {logging_mixin.py:188} INFO - [2026-08-26T19:58:49.633+0000] {dag.py:3954} INFO - Setting next_dagrun for data_quality_pipeline to 2026-08-26 00:00:00+00:00, run_after=2026-08-27 00:00:00+00:00
[2026-08-26T19:58:49.665+0000] {processor.py:183} INFO - Processing /opt/airflow/dags/data_quality_pipeline_dag.py took 0.159 seconds
[2026-08-26T19:59:19.892+0000] {processor.py:161} INFO - Started process (PID=165) to work on /opt/airflow/dags/data_quality_pipeline_dag.py
[2026-08-26T19:59:19.898+0000] {processor.py:830} INFO - Processing file /opt/airflow/dags/data_quality_pipeline_dag.py for tasks to queue
[2026-08-26T19:59:19.903+0000] {logging_mixin.py:188} INFO - [2026-08-26T19:59:19.903+0000] {dagbag.py:545} INFO - Filling up the DagBag from /opt/airflow/dags/data_quality_pipeline_dag.py
[2026-08-26T19:59:19.949+0000] {processor.py:840} INFO - DAG(s) 'data_quality_pipeline' retrieved from /opt/airflow/dags/data_quality_pipeline_dag.py
[2026-08-26T19:59:19.983+0000] {logging_mixin.py:188} INFO - [2026-08-26T19:59:19.983+0000] {dag.py:3096} INFO - Sync 1 DAGs
[2026-08-26T19:59:20.009+0000] {logging_mixin.py:188} INFO - [2026-08-26T19:59:20.008+0000] {dag.py:3954} INFO - Setting next_dagrun for data_quality_pipeline to 2026-08-26 00:00:00+00:00, run_after=2026-08-27 00:00:00+00:00
[2026-08-26T19:59:20.042+0000] {processor.py:183} INFO - Processing /opt/airflow/dags/data_quality_pipeline_dag.py took 0.160 seconds
[2026-08-26T19:59:50.274+0000] {processor.py:161} INFO - Started process (PID=166) to work on /opt/airflow/dags/data_quality_pipeline_dag.py
[2026-08-26T19:59:50.277+0000] {processor.py:830} INFO - Processing file /opt/airflow/dags/data_quality_pipeline_dag.py for tasks to queue
[2026-08-26T19:59:50.282+0000] {logging_mixin.py:188} INFO - [2026-08-26T19:59:50.282+0000] {dagbag.py:545} INFO - Filling up the DagBag from /opt/airflow/dags/data_quality_pipeline_dag.py
[2026-08-26T19:59:50.325+0000] {processor.py:840} INFO - DAG(s) 'data_quality_pipeline' retrieved from /opt/airflow/dags/data_quality_pipeline_dag.py
[2026-08-26T19:59:50.354+0000] {logging_mixin.py:188} INFO - [2026-08-26T19:59:50.354+0000] {dag.py:3096} INFO - Sync 1 DAGs
[2026-08-26T19:59:50.387+0000] {logging_mixin.py:188} INFO - [2026-08-26T19:59:50.386+0000] {dag.py:3954} INFO - Setting next_dagrun for data_quality_pipeline to 2026-08-26 00:00:00+00:00, run_after=2026-08-27 00:00:00+00:00
[2026-08-26T19:59:50.437+0000] {processor.py:183} INFO - Processing /opt/airflow/dags/data_quality_pipeline_dag.py took 0.173 seconds
[2026-08-26T20:00:20.748+0000] {processor.py:161} INFO - Started process (PID=168) to work on /opt/airflow/dags/data_quality_pipeline_dag.py
[2026-08-26T20:00:20.755+0000] {processor.py:830} INFO - Processing file /opt/airflow/dags/data_quality_pipeline_dag.py for tasks to queue
[2026-08-26T20:00:20.762+0000] {logging_mixin.py:188} INFO - [2026-08-26T20:00:20.761+0000] {dagbag.py:545} INFO - Filling up the DagBag from /opt/airflow/dags/data_quality_pipeline_dag.py
[2026-08-26T20:00:20.806+0000] {processor.py:840} INFO - DAG(s) 'data_quality_pipeline' retrieved from /opt/airflow/dags/data_quality_pipeline_dag.py
[2026-08-26T20:00:20.839+0000] {logging_mixin.py:188} INFO - [2026-08-26T20:00:20.839+0000] {dag.py:3096} INFO - Sync 1 DAGs
[2026-08-26T20:00:20.870+0000] {logging_mixin.py:188} INFO - [2026-08-26T20:00:20.870+0000] {dag.py:3954} INFO - Setting next_dagrun for data_quality_pipeline to 2026-08-26 00:00:00+00:00, run_after=2026-08-27 00:00:00+00:00
[2026-08-26T20:00:20.914+0000] {processor.py:183} INFO - Processing /opt/airflow/dags/data_quality_pipeline_dag.py took 0.175 seconds
[2026-08-26T20:00:51.246+0000] {processor.py:161} INFO - Started process (PID=169) to work on /opt/airflow/dags/data_quality_pipeline_dag.py
[2026-08-26T20:00:51.251+0000] {processor.py:830} INFO - Processing file /opt/airflow/dags/data_quality_pipeline_dag.py for tasks to queue
[2026-08-26T20:00:51.256+0000] {logging_mixin.py:188} INFO - [2026-08-26T20:00:51.255+0000] {dagbag.py:545} INFO - Filling up the DagBag from /opt/airflow/dags/data_quality_pipeline_dag.py
[2026-08-26T20:00:51.314+0000] {processor.py:840} INFO - DAG(s) 'data_quality_pipeline' retrieved from /opt/airflow/dags/data_quality_pipeline_dag.py
[2026-08-26T20:00:51.353+0000] {logging_mixin.py:188} INFO - [2026-08-26T20:00:51.353+0000] {dag.py:3096} INFO - Sync 1 DAGs
[2026-08-26T20:00:51.385+0000] {logging_mixin.py:188} INFO - [2026-08-26T20:00:51.385+0000] {dag.py:3954} INFO - Setting next_dagrun for data_quality_pipeline to 2026-08-26 00:00:00+00:00, run_after=2026-08-27 00:00:00+00:00
[2026-08-26T20:00:51.431+0000] {processor.py:183} INFO - Processing /opt/airflow/dags/data_quality_pipeline_dag.py took 0.196 seconds
[2026-08-26T20:01:21.729+0000] {processor.py:161} INFO - Started process (PID=170) to work on /opt/airflow/dags/data_quality_pipeline_dag.py
[2026-08-26T20:01:21.734+0000] {processor.py:830} INFO - Processing file /opt/airflow/dags/data_quality_pipeline_dag.py for tasks to queue
[2026-08-26T20:01:21.742+0000] {logging_mixin.py:188} INFO - [2026-08-26T20:01:21.742+0000] {dagbag.py:545} INFO - Filling up the DagBag from /opt/airflow/dags/data_quality_pipeline_dag.py
[2026-08-26T20:01:21.788+0000] {processor.py:840} INFO - DAG(s) 'data_quality_pipeline' retrieved from /opt/airflow/dags/data_quality_pipeline_dag.py
[2026-08-26T20:01:21.821+0000] {logging_mixin.py:188} INFO - [2026-08-26T20:01:21.821+0000] {dag.py:3096} INFO - Sync 1 DAGs
[2026-08-26T20:01:21.848+0000] {logging_mixin.py:188} INFO - [2026-08-26T20:01:21.847+0000] {dag.py:3954} INFO - Setting next_dagrun for data_quality_pipeline to 2026-08-26 00:00:00+00:00, run_after=2026-08-27 00:00:00+00:00
[2026-08-26T20:01:21.891+0000] {processor.py:183} INFO - Processing /opt/airflow/dags/data_quality_pipeline_dag.py took 0.173 seconds
[2026-08-26T20:22:36.811+0000] {processor.py:186} INFO - Started process (PID=23) to work on /opt/airflow/dags/data_quality_pipeline_dag.py
[2026-08-26T20:22:36.816+0000] {processor.py:914} INFO - Processing file /opt/airflow/dags/data_quality_pipeline_dag.py for tasks to queue
[2026-08-26T20:22:36.821+0000] {logging_mixin.py:190} INFO - [2026-08-26T20:22:36.820+0000] {dagbag.py:587} INFO - Filling up the DagBag from /opt/airflow/dags/data_quality_pipeline_dag.py
[2026-08-26T20:22:37.635+0000] {processor.py:925} INFO - DAG(s) 'data_quality_pipeline' retrieved from /opt/airflow/dags/data_quality_pipeline_dag.py
[2026-08-26T20:22:37.949+0000] {logging_mixin.py:190} INFO - [2026-08-26T20:22:37.949+0000] {override.py:1829} INFO - Created Permission View: can read on DAG:data_quality_pipeline
[2026-08-26T20:22:37.970+0000] {logging_mixin.py:190} INFO - [2026-08-26T20:22:37.969+0000] {override.py:1829} INFO - Created Permission View: can delete on DAG:data_quality_pipeline
[2026-08-26T20:22:37.983+0000] {logging_mixin.py:190} INFO - [2026-08-26T20:22:37.982+0000] {override.py:1829} INFO - Created Permission View: can edit on DAG:data_quality_pipeline
[2026-08-26T20:22:37.985+0000] {logging_mixin.py:190} INFO - [2026-08-26T20:22:37.985+0000] {dag.py:3211} INFO - Sync 1 DAGs
[2026-08-26T20:22:38.009+0000] {logging_mixin.py:190} INFO - [2026-08-26T20:22:38.009+0000] {dag.py:3234} INFO - Creating ORM DAG for data_quality_pipeline
[2026-08-26T20:22:38.034+0000] {logging_mixin.py:190} INFO - [2026-08-26T20:22:38.034+0000] {dag.py:4138} INFO - Setting next_dagrun for data_quality_pipeline to 2026-08-25 00:00:00+00:00, run_after=2026-08-26 00:00:00+00:00
[2026-08-26T20:22:38.079+0000] {processor.py:208} INFO - Processing /opt/airflow/dags/data_quality_pipeline_dag.py took 1.276 seconds
[2026-08-26T20:23:09.021+0000] {processor.py:186} INFO - Started process (PID=65) to work on /opt/airflow/dags/data_quality_pipeline_dag.py
[2026-08-26T20:23:09.026+0000] {processor.py:914} INFO - Processing file /opt/airflow/dags/data_quality_pipeline_dag.py for tasks to queue
[2026-08-26T20:23:09.037+0000] {logging_mixin.py:190} INFO - [2026-08-26T20:23:09.036+0000] {dagbag.py:587} INFO - Filling up the DagBag from /opt/airflow/dags/data_quality_pipeline_dag.py
[2026-08-26T20:23:09.230+0000] {processor.py:925} INFO - DAG(s) 'data_quality_pipeline' retrieved from /opt/airflow/dags/data_quality_pipeline_dag.py
[2026-08-26T20:23:09.269+0000] {logging_mixin.py:190} INFO - [2026-08-26T20:23:09.269+0000] {dag.py:3211} INFO - Sync 1 DAGs
[2026-08-26T20:23:09.302+0000] {logging_mixin.py:190} INFO - [2026-08-26T20:23:09.302+0000] {dag.py:4138} INFO - Setting next_dagrun for data_quality_pipeline to 2026-08-25 00:00:00+00:00, run_after=2026-08-26 00:00:00+00:00
[2026-08-26T20:23:09.333+0000] {processor.py:208} INFO - Processing /opt/airflow/dags/data_quality_pipeline_dag.py took 0.320 seconds
[2026-08-26T20:23:40.431+0000] {processor.py:186} INFO - Started process (PID=69) to work on /opt/airflow/dags/data_quality_pipeline_dag.py
[2026-08-26T20:23:40.437+0000] {processor.py:914} INFO - Processing file /opt/airflow/dags/data_quality_pipeline_dag.py for tasks to queue
[2026-08-26T20:23:40.444+0000] {logging_mixin.py:190} INFO - [2026-08-26T20:23:40.443+0000] {dagbag.py:587} INFO - Filling up the DagBag from /opt/airflow/dags/data_quality_pipeline_dag.py
[2026-08-26T20:23:40.634+0000] {processor.py:925} INFO - DAG(s) 'data_quality_pipeline' retrieved from /opt/airflow/dags/data_quality_pipeline_dag.py
[2026-08-26T20:23:40.665+0000] {logging_mixin.py:190} INFO - [2026-08-26T20:23:40.664+0000] {dag.py:3211} INFO - Sync 1 DAGs
[2026-08-26T20:23:40.698+0000] {logging_mixin.py:190} INFO - [2026-08-26T20:23:40.697+0000] {dag.py:4138} INFO - Setting next_dagrun for data_quality_pipeline to 2026-08-25 00:00:00+00:00, run_after=2026-08-26 00:00:00+00:00
[2026-08-26T20:23:40.733+0000] {processor.py:208} INFO - Processing /opt/airflow/dags/data_quality_pipeline_dag.py took 0.319 seconds
[2026-08-26T20:24:11.783+0000] {processor.py:186} INFO - Started process (PID=73) to work on /opt/airflow/dags/data_quality_pipeline_dag.py
[2026-08-26T20:24:11.788+0000] {processor.py:914} INFO - Processing file /opt/airflow/dags/data_quality_pipeline_dag.py for tasks to queue
[2026-08-26T20:24:11.798+0000] {logging_mixin.py:190} INFO - [2026-08-26T20:24:11.798+0000] {dagbag.py:587} INFO - Filling up the DagBag from /opt/airflow/dags/data_quality_pipeline_dag.py
[2026-08-26T20:24:12.061+0000] {processor.py:925} INFO - DAG(s) 'data_quality_pipeline' retrieved from /opt/airflow/dags/data_quality_pipeline_dag.py
[2026-08-26T20:24:12.102+0000] {logging_mixin.py:190} INFO - [2026-08-26T20:24:12.101+0000] {dag.py:3211} INFO - Sync 1 DAGs
[2026-08-26T20:24:12.132+0000] {logging_mixin.py:190} INFO - [2026-08-26T20:24:12.132+0000] {dag.py:4138} INFO - Setting next_dagrun for data_quality_pipeline to 2026-08-25 00:00:00+00:00, run_after=2026-08-26 00:00:00+00:00
[2026-08-26T20:24:12.186+0000] {processor.py:208} INFO - Processing /opt/airflow/dags/data_quality_pipeline_dag.py took 0.415 seconds
[2026-08-26T20:24:42.976+0000] {processor.py:186} INFO - Started process (PID=77) to work on /opt/airflow/dags/data_quality_pipeline_dag.py
[2026-08-26T20:24:42.981+0000] {processor.py:914} INFO - Processing file /opt/airflow/dags/data_quality_pipeline_dag.py for tasks to queue
[2026-08-26T20:24:42.991+0000] {logging_mixin.py:190} INFO - [2026-08-26T20:24:42.990+0000] {dagbag.py:587} INFO - Filling up the DagBag from /opt/airflow/dags/data_quality_pipeline_dag.py
[2026-08-26T20:24:43.181+0000] {processor.py:925} INFO - DAG(s) 'data_quality_pipeline' retrieved from /opt/airflow/dags/data_quality_pipeline_dag.py
[2026-08-26T20:24:43.211+0000] {logging_mixin.py:190} INFO - [2026-08-26T20:24:43.211+0000] {dag.py:3211} INFO - Sync 1 DAGs
[2026-08-26T20:24:43.233+0000] {logging_mixin.py:190} INFO - [2026-08-26T20:24:43.232+0000] {dag.py:4138} INFO - Setting next_dagrun for data_quality_pipeline to 2026-08-25 00:00:00+00:00, run_after=2026-08-26 00:00:00+00:00
[2026-08-26T20:24:43.255+0000] {processor.py:208} INFO - Processing /opt/airflow/dags/data_quality_pipeline_dag.py took 0.290 seconds
[2026-08-26T20:25:13.707+0000] {processor.py:186} INFO - Started process (PID=88) to work on /opt/airflow/dags/data_quality_pipeline_dag.py
[2026-08-26T20:25:13.711+0000] {processor.py:914} INFO - Processing file /opt/airflow/dags/data_quality_pipeline_dag.py for tasks to queue
[2026-08-26T20:25:13.717+0000] {logging_mixin.py:190} INFO - [2026-08-26T20:25:13.716+0000] {dagbag.py:587} INFO - Filling up the DagBag from /opt/airflow/dags/data_quality_pipeline_dag.py
[2026-08-26T20:25:13.912+0000] {processor.py:925} INFO - DAG(s) 'data_quality_pipeline' retrieved from /opt/airflow/dags/data_quality_pipeline_dag.py
[2026-08-26T20:25:13.942+0000] {logging_mixin.py:190} INFO - [2026-08-26T20:25:13.942+0000] {dag.py:3211} INFO - Sync 1 DAGs
[2026-08-26T20:25:13.974+0000] {logging_mixin.py:190} INFO - [2026-08-26T20:25:13.973+0000] {dag.py:4138} INFO - Setting next_dagrun for data_quality_pipeline to 2026-08-25 00:00:00+00:00, run_after=2026-08-26 00:00:00+00:00
[2026-08-26T20:25:14.014+0000] {processor.py:208} INFO - Processing /opt/airflow/dags/data_quality_pipeline_dag.py took 0.316 seconds
[2026-08-26T20:25:44.168+0000] {processor.py:186} INFO - Started process (PID=309) to work on /opt/airflow/dags/data_quality_pipeline_dag.py
[2026-08-26T20:25:44.173+0000] {processor.py:914} INFO - Processing file /opt/airflow/dags/data_quality_pipeline_dag.py for tasks to queue
[2026-08-26T20:25:44.179+0000] {logging_mixin.py:190} INFO - [2026-08-26T20:25:44.178+0000] {dagbag.py:587} INFO - Filling up the DagBag from /opt/airflow/dags/data_quality_pipeline_dag.py
[2026-08-26T20:25:44.366+0000] {processor.py:925} INFO - DAG(s) 'data_quality_pipeline' retrieved from /opt/airflow/dags/data_quality_pipeline_dag.py
[2026-08-26T20:25:44.396+0000] {logging_mixin.py:190} INFO - [2026-08-26T20:25:44.396+0000] {dag.py:3211} INFO - Sync 1 DAGs
[2026-08-26T20:25:44.424+0000] {logging_mixin.py:190} INFO - [2026-08-26T20:25:44.424+0000] {dag.py:4138} INFO - Setting next_dagrun for data_quality_pipeline to 2026-08-26 00:00:00+00:00, run_after=2026-08-27 00:00:00+00:00
[2026-08-26T20:25:44.449+0000] {processor.py:208} INFO - Processing /opt/airflow/dags/data_quality_pipeline_dag.py took 0.295 seconds
[2026-08-26T20:26:14.736+0000] {processor.py:186} INFO - Started process (PID=313) to work on /opt/airflow/dags/data_quality_pipeline_dag.py
[2026-08-26T20:26:14.741+0000] {processor.py:914} INFO - Processing file /opt/airflow/dags/data_quality_pipeline_dag.py for tasks to queue
[2026-08-26T20:26:14.750+0000] {logging_mixin.py:190} INFO - [2026-08-26T20:26:14.749+0000] {dagbag.py:587} INFO - Filling up the DagBag from /opt/airflow/dags/data_quality_pipeline_dag.py
[2026-08-26T20:26:14.936+0000] {processor.py:925} INFO - DAG(s) 'data_quality_pipeline' retrieved from /opt/airflow/dags/data_quality_pipeline_dag.py
[2026-08-26T20:26:14.968+0000] {logging_mixin.py:190} INFO - [2026-08-26T20:26:14.968+0000] {dag.py:3211} INFO - Sync 1 DAGs
[2026-08-26T20:26:15.000+0000] {logging_mixin.py:190} INFO - [2026-08-26T20:26:14.999+0000] {dag.py:4138} INFO - Setting next_dagrun for data_quality_pipeline to 2026-08-26 00:00:00+00:00, run_after=2026-08-27 00:00:00+00:00
[2026-08-26T20:26:15.036+0000] {processor.py:208} INFO - Processing /opt/airflow/dags/data_quality_pipeline_dag.py took 0.308 seconds
[2026-08-26T20:26:45.330+0000] {processor.py:186} INFO - Started process (PID=317) to work on /opt/airflow/dags/data_quality_pipeline_dag.py
[2026-08-26T20:26:45.335+0000] {processor.py:914} INFO - Processing file /opt/airflow/dags/data_quality_pipeline_dag.py for tasks to queue
[2026-08-26T20:26:45.342+0000] {logging_mixin.py:190} INFO - [2026-08-26T20:26:45.341+0000] {dagbag.py:587} INFO - Filling up the DagBag from /opt/airflow/dags/data_quality_pipeline_dag.py
[2026-08-26T20:26:45.516+0000] {processor.py:925} INFO - DAG(s) 'data_quality_pipeline' retrieved from /opt/airflow/dags/data_quality_pipeline_dag.py
[2026-08-26T20:26:45.548+0000] {logging_mixin.py:190} INFO - [2026-08-26T20:26:45.548+0000] {dag.py:3211} INFO - Sync 1 DAGs
[2026-08-26T20:26:45.579+0000] {logging_mixin.py:190} INFO - [2026-08-26T20:26:45.579+0000] {dag.py:4138} INFO - Setting next_dagrun for data_quality_pipeline to 2026-08-26 00:00:00+00:00, run_after=2026-08-27 00:00:00+00:00
[2026-08-26T20:26:45.611+0000] {processor.py:208} INFO - Processing /opt/airflow/dags/data_quality_pipeline_dag.py took 0.290 seconds
[2026-08-26T20:27:15.944+0000] {processor.py:186} INFO - Started process (PID=321) to work on /opt/airflow/dags/data_quality_pipeline_dag.py
[2026-08-26T20:27:15.948+0000] {processor.py:914} INFO - Processing file /opt/airflow/dags/data_quality_pipeline_dag.py for tasks to queue
[2026-08-26T20:27:15.955+0000] {logging_mixin.py:190} INFO - [2026-08-26T20:27:15.955+0000] {dagbag.py:587} INFO - Filling up the DagBag from /opt/airflow/dags/data_quality_pipeline_dag.py
[2026-08-26T20:27:16.087+0000] {processor.py:925} INFO - DAG(s) 'data_quality_pipeline' retrieved from /opt/airflow/dags/data_quality_pipeline_dag.py
[2026-08-26T20:27:16.114+0000] {logging_mixin.py:190} INFO - [2026-08-26T20:27:16.114+0000] {dag.py:3211} INFO - Sync 1 DAGs
[2026-08-26T20:27:16.144+0000] {logging_mixin.py:190} INFO - [2026-08-26T20:27:16.143+0000] {dag.py:4138} INFO - Setting next_dagrun for data_quality_pipeline to 2026-08-26 00:00:00+00:00, run_after=2026-08-27 00:00:00+00:00
[2026-08-26T20:27:16.178+0000] {processor.py:208} INFO - Processing /opt/airflow/dags/data_quality_pipeline_dag.py took 0.243 seconds
[2026-08-26T20:27:46.450+0000] {processor.py:186} INFO - Started process (PID=325) to work on /opt/airflow/dags/data_quality_pipeline_dag.py
[2026-08-26T20:27:46.455+0000] {processor.py:914} INFO - Processing file /opt/airflow/dags/data_quality_pipeline_dag.py for tasks to queue
[2026-08-26T20:27:46.464+0000] {logging_mixin.py:190} INFO - [2026-08-26T20:27:46.463+0000] {dagbag.py:587} INFO - Filling up the DagBag from /opt/airflow/dags/data_quality_pipeline_dag.py
[2026-08-26T20:27:46.637+0000] {processor.py:925} INFO - DAG(s) 'data_quality_pipeline' retrieved from /opt/airflow/dags/data_quality_pipeline_dag.py
[2026-08-26T20:27:46.668+0000] {logging_mixin.py:190} INFO - [2026-08-26T20:27:46.668+0000] {dag.py:3211} INFO - Sync 1 DAGs
[2026-08-26T20:27:46.703+0000] {logging_mixin.py:190} INFO - [2026-08-26T20:27:46.703+0000] {dag.py:4138} INFO - Setting next_dagrun for data_quality_pipeline to 2026-08-26 00:00:00+00:00, run_after=2026-08-27 00:00:00+00:00
[2026-08-26T20:27:46.736+0000] {processor.py:208} INFO - Processing /opt/airflow/dags/data_quality_pipeline_dag.py took 0.296 seconds
[2026-08-26T20:28:17.016+0000] {processor.py:186} INFO - Started process (PID=329) to work on /opt/airflow/dags/data_quality_pipeline_dag.py
[2026-08-26T20:28:17.021+0000] {processor.py:914} INFO - Processing file /opt/airflow/dags/data_quality_pipeline_dag.py for tasks to queue
[2026-08-26T20:28:17.027+0000] {logging_mixin.py:190} INFO - [2026-08-26T20:28:17.027+0000] {dagbag.py:587} INFO - Filling up the DagBag from /opt/airflow/dags/data_quality_pipeline_dag.py
[2026-08-26T20:28:17.204+0000] {processor.py:925} INFO - DAG(s) 'data_quality_pipeline' retrieved from /opt/airflow/dags/data_quality_pipeline_dag.py
[2026-08-26T20:28:17.231+0000] {logging_mixin.py:190} INFO - [2026-08-26T20:28:17.231+0000] {dag.py:3211} INFO - Sync 1 DAGs
[2026-08-26T20:28:17.262+0000] {logging_mixin.py:190} INFO - [2026-08-26T20:28:17.262+0000] {dag.py:4138} INFO - Setting next_dagrun for data_quality_pipeline to 2026-08-26 00:00:00+00:00, run_after=2026-08-27 00:00:00+00:00
[2026-08-26T20:28:17.292+0000] {processor.py:208} INFO - Processing /opt/airflow/dags/data_quality_pipeline_dag.py took 0.286 seconds
[2026-08-26T20:28:47.604+0000] {processor.py:186} INFO - Started process (PID=333) to work on /opt/airflow/dags/data_quality_pipeline_dag.py
[2026-08-26T20:28:47.609+0000] {processor.py:914} INFO - Processing file /opt/airflow/dags/data_quality_pipeline_dag.py for tasks to queue
[2026-08-26T20:28:47.615+0000] {logging_mixin.py:190} INFO - [2026-08-26T20:28:47.615+0000] {dagbag.py:587} INFO - Filling up the DagBag from /opt/airflow/dags/data_quality_pipeline_dag.py
[2026-08-26T20:28:47.791+0000] {processor.py:925} INFO - DAG(s) 'data_quality_pipeline' retrieved from /opt/airflow/dags/data_quality_pipeline_dag.py
[2026-08-26T20:28:47.818+0000] {logging_mixin.py:190} INFO - [2026-08-26T20:28:47.818+0000] {dag.py:3211} INFO - Sync 1 DAGs
[2026-08-26T20:28:47.844+0000] {logging_mixin.py:190} INFO - [2026-08-26T20:28:47.843+0000] {dag.py:4138} INFO - Setting next_dagrun for data_quality_pipeline to 2026-08-26 00:00:00+00:00, run_after=2026-08-27 00:00:00+00:00
[2026-08-26T20:28:47.871+0000] {processor.py:208} INFO - Processing /opt/airflow/dags/data_quality_pipeline_dag.py took 0.277 seconds
[2026-08-26T20:29:18.181+0000] {processor.py:186} INFO - Started process (PID=337) to work on /opt/airflow/dags/data_quality_pipeline_dag.py
[2026-08-26T20:29:18.186+0000] {processor.py:914} INFO - Processing file /opt/airflow/dags/data_quality_pipeline_dag.py for tasks to queue
[2026-08-26T20:29:18.194+0000] {logging_mixin.py:190} INFO - [2026-08-26T20:29:18.193+0000] {dagbag.py:587} INFO - Filling up the DagBag from /opt/airflow/dags/data_quality_pipeline_dag.py
[2026-08-26T20:29:18.344+0000] {processor.py:925} INFO - DAG(s) 'data_quality_pipeline' retrieved from /opt/airflow/dags/data_quality_pipeline_dag.py
[2026-08-26T20:29:18.368+0000] {logging_mixin.py:190} INFO - [2026-08-26T20:29:18.368+0000] {dag.py:3211} INFO - Sync 1 DAGs
[2026-08-26T20:29:18.387+0000] {logging_mixin.py:190} INFO - [2026-08-26T20:29:18.387+0000] {dag.py:4138} INFO - Setting next_dagrun for data_quality_pipeline to 2026-08-26 00:00:00+00:00, run_after=2026-08-27 00:00:00+00:00
[2026-08-26T20:29:18.405+0000] {processor.py:208} INFO - Processing /opt/airflow/dags/data_quality_pipeline_dag.py took 0.236 seconds
[2026-08-26T20:29:25.675+0000] {processor.py:186} INFO - Started process (PID=341) to work on /opt/airflow/dags/data_quality_pipeline_dag.py
[2026-08-26T20:29:25.680+0000] {processor.py:914} INFO - Processing file /opt/airflow/dags/data_quality_pipeline_dag.py for tasks to queue
[2026-08-26T20:29:25.699+0000] {logging_mixin.py:190} INFO - [2026-08-26T20:29:25.698+0000] {dagbag.py:587} INFO - Filling up the DagBag from /opt/airflow/dags/data_quality_pipeline_dag.py
[2026-08-26T20:29:26.100+0000] {processor.py:925} INFO - DAG(s) 'data_quality_pipeline' retrieved from /opt/airflow/dags/data_quality_pipeline_dag.py
[2026-08-26T20:29:26.581+0000] {logging_mixin.py:190} INFO - [2026-08-26T20:29:26.580+0000] {dag.py:3211} INFO - Sync 1 DAGs
[2026-08-26T20:29:26.607+0000] {logging_mixin.py:190} INFO - [2026-08-26T20:29:26.606+0000] {dag.py:4138} INFO - Setting next_dagrun for data_quality_pipeline to 2026-08-26 00:00:00+00:00, run_after=2026-08-27 00:00:00+00:00
[2026-08-26T20:29:26.663+0000] {processor.py:208} INFO - Processing /opt/airflow/dags/data_quality_pipeline_dag.py took 0.998 seconds
[2026-08-26T20:29:57.042+0000] {processor.py:186} INFO - Started process (PID=366) to work on /opt/airflow/dags/data_quality_pipeline_dag.py
[2026-08-26T20:29:57.046+0000] {processor.py:914} INFO - Processing file /opt/airflow/dags/data_quality_pipeline_dag.py for tasks to queue
[2026-08-26T20:29:57.054+0000] {logging_mixin.py:190} INFO - [2026-08-26T20:29:57.054+0000] {dagbag.py:587} INFO - Filling up the DagBag from /opt/airflow/dags/data_quality_pipeline_dag.py
[2026-08-26T20:29:57.273+0000] {processor.py:925} INFO - DAG(s) 'data_quality_pipeline' retrieved from /opt/airflow/dags/data_quality_pipeline_dag.py
[2026-08-26T20:29:57.303+0000] {logging_mixin.py:190} INFO - [2026-08-26T20:29:57.303+0000] {dag.py:3211} INFO - Sync 1 DAGs
[2026-08-26T20:29:57.336+0000] {logging_mixin.py:190} INFO - [2026-08-26T20:29:57.336+0000] {dag.py:4138} INFO - Setting next_dagrun for data_quality_pipeline to 2026-08-26 00:00:00+00:00, run_after=2026-08-27 00:00:00+00:00
[2026-08-26T20:29:57.378+0000] {processor.py:208} INFO - Processing /opt/airflow/dags/data_quality_pipeline_dag.py took 0.347 seconds
[2026-08-26T20:30:28.400+0000] {processor.py:186} INFO - Started process (PID=391) to work on /opt/airflow/dags/data_quality_pipeline_dag.py
[2026-08-26T20:30:28.407+0000] {processor.py:914} INFO - Processing file /opt/airflow/dags/data_quality_pipeline_dag.py for tasks to queue
[2026-08-26T20:30:28.416+0000] {logging_mixin.py:190} INFO - [2026-08-26T20:30:28.415+0000] {dagbag.py:587} INFO - Filling up the DagBag from /opt/airflow/dags/data_quality_pipeline_dag.py
[2026-08-26T20:30:28.660+0000] {processor.py:925} INFO - DAG(s) 'data_quality_pipeline' retrieved from /opt/airflow/dags/data_quality_pipeline_dag.py
[2026-08-26T20:30:28.694+0000] {logging_mixin.py:190} INFO - [2026-08-26T20:30:28.693+0000] {dag.py:3211} INFO - Sync 1 DAGs
[2026-08-26T20:30:28.726+0000] {logging_mixin.py:190} INFO - [2026-08-26T20:30:28.726+0000] {dag.py:4138} INFO - Setting next_dagrun for data_quality_pipeline to 2026-08-26 00:00:00+00:00, run_after=2026-08-27 00:00:00+00:00
[2026-08-26T20:30:28.769+0000] {processor.py:208} INFO - Processing /opt/airflow/dags/data_quality_pipeline_dag.py took 0.379 seconds
[2026-08-26T20:30:59.361+0000] {processor.py:186} INFO - Started process (PID=645) to work on /opt/airflow/dags/data_quality_pipeline_dag.py
[2026-08-26T20:30:59.365+0000] {processor.py:914} INFO - Processing file /opt/airflow/dags/data_quality_pipeline_dag.py for tasks to queue
[2026-08-26T20:30:59.372+0000] {logging_mixin.py:190} INFO - [2026-08-26T20:30:59.372+0000] {dagbag.py:587} INFO - Filling up the DagBag from /opt/airflow/dags/data_quality_pipeline_dag.py
[2026-08-26T20:30:59.609+0000] {processor.py:925} INFO - DAG(s) 'data_quality_pipeline' retrieved from /opt/airflow/dags/data_quality_pipeline_dag.py
[2026-08-26T20:30:59.638+0000] {logging_mixin.py:190} INFO - [2026-08-26T20:30:59.637+0000] {dag.py:3211} INFO - Sync 1 DAGs
[2026-08-26T20:30:59.669+0000] {logging_mixin.py:190} INFO - [2026-08-26T20:30:59.668+0000] {dag.py:4138} INFO - Setting next_dagrun for data_quality_pipeline to 2026-08-26 00:00:00+00:00, run_after=2026-08-27 00:00:00+00:00
[2026-08-26T20:30:59.699+0000] {processor.py:208} INFO - Processing /opt/airflow/dags/data_quality_pipeline_dag.py took 0.349 seconds
[2026-08-26T20:31:30.717+0000] {processor.py:186} INFO - Started process (PID=670) to work on /opt/airflow/dags/data_quality_pipeline_dag.py
[2026-08-26T20:31:30.722+0000] {processor.py:914} INFO - Processing file /opt/airflow/dags/data_quality_pipeline_dag.py for tasks to queue
[2026-08-26T20:31:30.727+0000] {logging_mixin.py:190} INFO - [2026-08-26T20:31:30.727+0000] {dagbag.py:587} INFO - Filling up the DagBag from /opt/airflow/dags/data_quality_pipeline_dag.py
[2026-08-26T20:31:30.965+0000] {processor.py:925} INFO - DAG(s) 'data_quality_pipeline' retrieved from /opt/airflow/dags/data_quality_pipeline_dag.py
[2026-08-26T20:31:30.991+0000] {logging_mixin.py:190} INFO - [2026-08-26T20:31:30.991+0000] {dag.py:3211} INFO - Sync 1 DAGs
[2026-08-26T20:31:31.017+0000] {logging_mixin.py:190} INFO - [2026-08-26T20:31:31.017+0000] {dag.py:4138} INFO - Setting next_dagrun for data_quality_pipeline to 2026-08-26 00:00:00+00:00, run_after=2026-08-27 00:00:00+00:00
[2026-08-26T20:31:31.042+0000] {processor.py:208} INFO - Processing /opt/airflow/dags/data_quality_pipeline_dag.py took 0.335 seconds
[2026-08-26T20:32:02.075+0000] {processor.py:186} INFO - Started process (PID=695) to work on /opt/airflow/dags/data_quality_pipeline_dag.py
[2026-08-26T20:32:02.079+0000] {processor.py:914} INFO - Processing file /opt/airflow/dags/data_quality_pipeline_dag.py for tasks to queue
[2026-08-26T20:32:02.083+0000] {logging_mixin.py:190} INFO - [2026-08-26T20:32:02.083+0000] {dagbag.py:587} INFO - Filling up the DagBag from /opt/airflow/dags/data_quality_pipeline_dag.py
[2026-08-26T20:32:02.252+0000] {processor.py:925} INFO - DAG(s) 'data_quality_pipeline' retrieved from /opt/airflow/dags/data_quality_pipeline_dag.py
[2026-08-26T20:32:02.277+0000] {logging_mixin.py:190} INFO - [2026-08-26T20:32:02.277+0000] {dag.py:3211} INFO - Sync 1 DAGs
[2026-08-26T20:32:02.303+0000] {logging_mixin.py:190} INFO - [2026-08-26T20:32:02.303+0000] {dag.py:4138} INFO - Setting next_dagrun for data_quality_pipeline to 2026-08-26 00:00:00+00:00, run_after=2026-08-27 00:00:00+00:00
[2026-08-26T20:32:02.330+0000] {processor.py:208} INFO - Processing /opt/airflow/dags/data_quality_pipeline_dag.py took 0.261 seconds
[2026-08-26T20:32:32.608+0000] {processor.py:186} INFO - Started process (PID=720) to work on /opt/airflow/dags/data_quality_pipeline_dag.py
[2026-08-26T20:32:32.613+0000] {processor.py:914} INFO - Processing file /opt/airflow/dags/data_quality_pipeline_dag.py for tasks to queue
[2026-08-26T20:32:32.618+0000] {logging_mixin.py:190} INFO - [2026-08-26T20:32:32.618+0000] {dagbag.py:587} INFO - Filling up the DagBag from /opt/airflow/dags/data_quality_pipeline_dag.py
[2026-08-26T20:32:32.831+0000] {processor.py:925} INFO - DAG(s) 'data_quality_pipeline' retrieved from /opt/airflow/dags/data_quality_pipeline_dag.py
[2026-08-26T20:32:32.861+0000] {logging_mixin.py:190} INFO - [2026-08-26T20:32:32.861+0000] {dag.py:3211} INFO - Sync 1 DAGs
[2026-08-26T20:32:32.889+0000] {logging_mixin.py:190} INFO - [2026-08-26T20:32:32.889+0000] {dag.py:4138} INFO - Setting next_dagrun for data_quality_pipeline to 2026-08-26 00:00:00+00:00, run_after=2026-08-27 00:00:00+00:00
[2026-08-26T20:32:32.926+0000] {processor.py:208} INFO - Processing /opt/airflow/dags/data_quality_pipeline_dag.py took 0.324 seconds
[2026-08-26T20:33:03.203+0000] {processor.py:186} INFO - Started process (PID=746) to work on /opt/airflow/dags/data_quality_pipeline_dag.py
[2026-08-26T20:33:03.209+0000] {processor.py:914} INFO - Processing file /opt/airflow/dags/data_quality_pipeline_dag.py for tasks to queue
[2026-08-26T20:33:03.217+0000] {logging_mixin.py:190} INFO - [2026-08-26T20:33:03.216+0000] {dagbag.py:587} INFO - Filling up the DagBag from /opt/airflow/dags/data_quality_pipeline_dag.py
[2026-08-26T20:33:03.488+0000] {processor.py:925} INFO - DAG(s) 'data_quality_pipeline' retrieved from /opt/airflow/dags/data_quality_pipeline_dag.py
[2026-08-26T20:33:03.524+0000] {logging_mixin.py:190} INFO - [2026-08-26T20:33:03.523+0000] {dag.py:3211} INFO - Sync 1 DAGs
[2026-08-26T20:33:03.558+0000] {logging_mixin.py:190} INFO - [2026-08-26T20:33:03.558+0000] {dag.py:4138} INFO - Setting next_dagrun for data_quality_pipeline to 2026-08-26 00:00:00+00:00, run_after=2026-08-27 00:00:00+00:00
[2026-08-26T20:33:03.595+0000] {processor.py:208} INFO - Processing /opt/airflow/dags/data_quality_pipeline_dag.py took 0.403 seconds
[2026-08-26T20:33:33.874+0000] {processor.py:186} INFO - Started process (PID=771) to work on /opt/airflow/dags/data_quality_pipeline_dag.py
[2026-08-26T20:33:33.881+0000] {processor.py:914} INFO - Processing file /opt/airflow/dags/data_quality_pipeline_dag.py for tasks to queue
[2026-08-26T20:33:33.891+0000] {logging_mixin.py:190} INFO - [2026-08-26T20:33:33.891+0000] {dagbag.py:587} INFO - Filling up the DagBag from /opt/airflow/dags/data_quality_pipeline_dag.py
[2026-08-26T20:33:34.103+0000] {processor.py:925} INFO - DAG(s) 'data_quality_pipeline' retrieved from /opt/airflow/dags/data_quality_pipeline_dag.py
[2026-08-26T20:33:34.129+0000] {logging_mixin.py:190} INFO - [2026-08-26T20:33:34.129+0000] {dag.py:3211} INFO - Sync 1 DAGs
[2026-08-26T20:33:34.154+0000] {logging_mixin.py:190} INFO - [2026-08-26T20:33:34.154+0000] {dag.py:4138} INFO - Setting next_dagrun for data_quality_pipeline to 2026-08-26 00:00:00+00:00, run_after=2026-08-27 00:00:00+00:00
[2026-08-26T20:33:34.182+0000] {processor.py:208} INFO - Processing /opt/airflow/dags/data_quality_pipeline_dag.py took 0.326 seconds
[2026-08-26T20:34:04.444+0000] {processor.py:186} INFO - Started process (PID=796) to work on /opt/airflow/dags/data_quality_pipeline_dag.py
[2026-08-26T20:34:04.449+0000] {processor.py:914} INFO - Processing file /opt/airflow/dags/data_quality_pipeline_dag.py for tasks to queue
[2026-08-26T20:34:04.457+0000] {logging_mixin.py:190} INFO - [2026-08-26T20:34:04.456+0000] {dagbag.py:587} INFO - Filling up the DagBag from /opt/airflow/dags/data_quality_pipeline_dag.py
[2026-08-26T20:34:04.712+0000] {processor.py:925} INFO - DAG(s) 'data_quality_pipeline' retrieved from /opt/airflow/dags/data_quality_pipeline_dag.py
[2026-08-26T20:34:04.770+0000] {logging_mixin.py:190} INFO - [2026-08-26T20:34:04.769+0000] {dag.py:3211} INFO - Sync 1 DAGs
[2026-08-26T20:34:04.806+0000] {logging_mixin.py:190} INFO - [2026-08-26T20:34:04.806+0000] {dag.py:4138} INFO - Setting next_dagrun for data_quality_pipeline to 2026-08-26 00:00:00+00:00, run_after=2026-08-27 00:00:00+00:00
[2026-08-26T20:34:04.839+0000] {processor.py:208} INFO - Processing /opt/airflow/dags/data_quality_pipeline_dag.py took 0.406 seconds
[2026-08-26T20:34:35.090+0000] {processor.py:186} INFO - Started process (PID=821) to work on /opt/airflow/dags/data_quality_pipeline_dag.py
[2026-08-26T20:34:35.094+0000] {processor.py:914} INFO - Processing file /opt/airflow/dags/data_quality_pipeline_dag.py for tasks to queue
[2026-08-26T20:34:35.097+0000] {logging_mixin.py:190} INFO - [2026-08-26T20:34:35.097+0000] {dagbag.py:587} INFO - Filling up the DagBag from /opt/airflow/dags/data_quality_pipeline_dag.py
[2026-08-26T20:34:35.235+0000] {processor.py:925} INFO - DAG(s) 'data_quality_pipeline' retrieved from /opt/airflow/dags/data_quality_pipeline_dag.py
[2026-08-26T20:34:35.252+0000] {logging_mixin.py:190} INFO - [2026-08-26T20:34:35.252+0000] {dag.py:3211} INFO - Sync 1 DAGs
[2026-08-26T20:34:35.269+0000] {logging_mixin.py:190} INFO - [2026-08-26T20:34:35.269+0000] {dag.py:4138} INFO - Setting next_dagrun for data_quality_pipeline to 2026-08-26 00:00:00+00:00, run_after=2026-08-27 00:00:00+00:00
[2026-08-26T20:34:35.293+0000] {processor.py:208} INFO - Processing /opt/airflow/dags/data_quality_pipeline_dag.py took 0.208 seconds
[2026-08-26T20:35:05.558+0000] {processor.py:186} INFO - Started process (PID=846) to work on /opt/airflow/dags/data_quality_pipeline_dag.py
[2026-08-26T20:35:05.564+0000] {processor.py:914} INFO - Processing file /opt/airflow/dags/data_quality_pipeline_dag.py for tasks to queue
[2026-08-26T20:35:05.571+0000] {logging_mixin.py:190} INFO - [2026-08-26T20:35:05.571+0000] {dagbag.py:587} INFO - Filling up the DagBag from /opt/airflow/dags/data_quality_pipeline_dag.py
[2026-08-26T20:35:05.833+0000] {processor.py:925} INFO - DAG(s) 'data_quality_pipeline' retrieved from /opt/airflow/dags/data_quality_pipeline_dag.py
[2026-08-26T20:35:05.858+0000] {logging_mixin.py:190} INFO - [2026-08-26T20:35:05.858+0000] {dag.py:3211} INFO - Sync 1 DAGs
[2026-08-26T20:35:05.892+0000] {logging_mixin.py:190} INFO - [2026-08-26T20:35:05.892+0000] {dag.py:4138} INFO - Setting next_dagrun for data_quality_pipeline to 2026-08-26 00:00:00+00:00, run_after=2026-08-27 00:00:00+00:00
[2026-08-26T20:35:05.922+0000] {processor.py:208} INFO - Processing /opt/airflow/dags/data_quality_pipeline_dag.py took 0.372 seconds
[2026-08-26T20:35:36.224+0000] {processor.py:186} INFO - Started process (PID=871) to work on /opt/airflow/dags/data_quality_pipeline_dag.py
[2026-08-26T20:35:36.230+0000] {processor.py:914} INFO - Processing file /opt/airflow/dags/data_quality_pipeline_dag.py for tasks to queue
[2026-08-26T20:35:36.237+0000] {logging_mixin.py:190} INFO - [2026-08-26T20:35:36.237+0000] {dagbag.py:587} INFO - Filling up the DagBag from /opt/airflow/dags/data_quality_pipeline_dag.py
[2026-08-26T20:35:36.484+0000] {processor.py:925} INFO - DAG(s) 'data_quality_pipeline' retrieved from /opt/airflow/dags/data_quality_pipeline_dag.py
[2026-08-26T20:35:36.527+0000] {logging_mixin.py:190} INFO - [2026-08-26T20:35:36.527+0000] {dag.py:3211} INFO - Sync 1 DAGs
[2026-08-26T20:35:36.563+0000] {logging_mixin.py:190} INFO - [2026-08-26T20:35:36.563+0000] {dag.py:4138} INFO - Setting next_dagrun for data_quality_pipeline to 2026-08-26 00:00:00+00:00, run_after=2026-08-27 00:00:00+00:00
[2026-08-26T20:35:36.599+0000] {processor.py:208} INFO - Processing /opt/airflow/dags/data_quality_pipeline_dag.py took 0.384 seconds
[2026-08-26T20:36:06.874+0000] {processor.py:186} INFO - Started process (PID=896) to work on /opt/airflow/dags/data_quality_pipeline_dag.py
[2026-08-26T20:36:06.881+0000] {processor.py:914} INFO - Processing file /opt/airflow/dags/data_quality_pipeline_dag.py for tasks to queue
[2026-08-26T20:36:06.891+0000] {logging_mixin.py:190} INFO - [2026-08-26T20:36:06.891+0000] {dagbag.py:587} INFO - Filling up the DagBag from /opt/airflow/dags/data_quality_pipeline_dag.py
[2026-08-26T20:36:07.138+0000] {processor.py:925} INFO - DAG(s) 'data_quality_pipeline' retrieved from /opt/airflow/dags/data_quality_pipeline_dag.py
[2026-08-26T20:36:07.167+0000] {logging_mixin.py:190} INFO - [2026-08-26T20:36:07.167+0000] {dag.py:3211} INFO - Sync 1 DAGs
[2026-08-26T20:36:07.193+0000] {logging_mixin.py:190} INFO - [2026-08-26T20:36:07.192+0000] {dag.py:4138} INFO - Setting next_dagrun for data_quality_pipeline to 2026-08-26 00:00:00+00:00, run_after=2026-08-27 00:00:00+00:00
[2026-08-26T20:36:07.223+0000] {processor.py:208} INFO - Processing /opt/airflow/dags/data_quality_pipeline_dag.py took 0.357 seconds
[2026-08-26T20:36:29.585+0000] {processor.py:186} INFO - Started process (PID=921) to work on /opt/airflow/dags/data_quality_pipeline_dag.py
[2026-08-26T20:36:29.588+0000] {processor.py:914} INFO - Processing file /opt/airflow/dags/data_quality_pipeline_dag.py for tasks to queue
[2026-08-26T20:36:29.594+0000] {logging_mixin.py:190} INFO - [2026-08-26T20:36:29.594+0000] {dagbag.py:587} INFO - Filling up the DagBag from /opt/airflow/dags/data_quality_pipeline_dag.py
[2026-08-26T20:36:29.787+0000] {processor.py:925} INFO - DAG(s) 'data_quality_pipeline' retrieved from /opt/airflow/dags/data_quality_pipeline_dag.py
[2026-08-26T20:36:29.904+0000] {logging_mixin.py:190} INFO - [2026-08-26T20:36:29.904+0000] {dag.py:3211} INFO - Sync 1 DAGs
[2026-08-26T20:36:29.920+0000] {logging_mixin.py:190} INFO - [2026-08-26T20:36:29.920+0000] {dag.py:4138} INFO - Setting next_dagrun for data_quality_pipeline to 2026-08-26 00:00:00+00:00, run_after=2026-08-27 00:00:00+00:00
[2026-08-26T20:36:29.950+0000] {processor.py:208} INFO - Processing /opt/airflow/dags/data_quality_pipeline_dag.py took 0.371 seconds
[2026-08-26T20:37:00.979+0000] {processor.py:186} INFO - Started process (PID=946) to work on /opt/airflow/dags/data_quality_pipeline_dag.py
[2026-08-26T20:37:00.984+0000] {processor.py:914} INFO - Processing file /opt/airflow/dags/data_quality_pipeline_dag.py for tasks to queue
[2026-08-26T20:37:00.991+0000] {logging_mixin.py:190} INFO - [2026-08-26T20:37:00.990+0000] {dagbag.py:587} INFO - Filling up the DagBag from /opt/airflow/dags/data_quality_pipeline_dag.py
[2026-08-26T20:37:01.211+0000] {processor.py:925} INFO - DAG(s) 'data_quality_pipeline' retrieved from /opt/airflow/dags/data_quality_pipeline_dag.py
[2026-08-26T20:37:01.240+0000] {logging_mixin.py:190} INFO - [2026-08-26T20:37:01.240+0000] {dag.py:3211} INFO - Sync 1 DAGs
[2026-08-26T20:37:01.267+0000] {logging_mixin.py:190} INFO - [2026-08-26T20:37:01.267+0000] {dag.py:4138} INFO - Setting next_dagrun for data_quality_pipeline to 2026-08-26 00:00:00+00:00, run_after=2026-08-27 00:00:00+00:00
[2026-08-26T20:37:01.299+0000] {processor.py:208} INFO - Processing /opt/airflow/dags/data_quality_pipeline_dag.py took 0.329 seconds
[2026-08-26T20:37:32.341+0000] {processor.py:186} INFO - Started process (PID=971) to work on /opt/airflow/dags/data_quality_pipeline_dag.py
[2026-08-26T20:37:32.348+0000] {processor.py:914} INFO - Processing file /opt/airflow/dags/data_quality_pipeline_dag.py for tasks to queue
[2026-08-26T20:37:32.356+0000] {logging_mixin.py:190} INFO - [2026-08-26T20:37:32.355+0000] {dagbag.py:587} INFO - Filling up the DagBag from /opt/airflow/dags/data_quality_pipeline_dag.py
[2026-08-26T20:37:32.558+0000] {processor.py:925} INFO - DAG(s) 'data_quality_pipeline' retrieved from /opt/airflow/dags/data_quality_pipeline_dag.py
[2026-08-26T20:37:32.579+0000] {logging_mixin.py:190} INFO - [2026-08-26T20:37:32.579+0000] {dag.py:3211} INFO - Sync 1 DAGs
[2026-08-26T20:37:32.599+0000] {logging_mixin.py:190} INFO - [2026-08-26T20:37:32.599+0000] {dag.py:4138} INFO - Setting next_dagrun for data_quality_pipeline to 2026-08-26 00:00:00+00:00, run_after=2026-08-27 00:00:00+00:00
[2026-08-26T20:37:32.626+0000] {processor.py:208} INFO - Processing /opt/airflow/dags/data_quality_pipeline_dag.py took 0.298 seconds
[2026-08-26T20:38:03.592+0000] {processor.py:186} INFO - Started process (PID=996) to work on /opt/airflow/dags/data_quality_pipeline_dag.py
[2026-08-26T20:38:03.596+0000] {processor.py:914} INFO - Processing file /opt/airflow/dags/data_quality_pipeline_dag.py for tasks to queue
[2026-08-26T20:38:03.600+0000] {logging_mixin.py:190} INFO - [2026-08-26T20:38:03.599+0000] {dagbag.py:587} INFO - Filling up the DagBag from /opt/airflow/dags/data_quality_pipeline_dag.py
[2026-08-26T20:38:03.743+0000] {processor.py:925} INFO - DAG(s) 'data_quality_pipeline' retrieved from /opt/airflow/dags/data_quality_pipeline_dag.py
[2026-08-26T20:38:03.762+0000] {logging_mixin.py:190} INFO - [2026-08-26T20:38:03.762+0000] {dag.py:3211} INFO - Sync 1 DAGs
[2026-08-26T20:38:03.781+0000] {logging_mixin.py:190} INFO - [2026-08-26T20:38:03.781+0000] {dag.py:4138} INFO - Setting next_dagrun for data_quality_pipeline to 2026-08-26 00:00:00+00:00, run_after=2026-08-27 00:00:00+00:00
[2026-08-26T20:38:03.806+0000] {processor.py:208} INFO - Processing /opt/airflow/dags/data_quality_pipeline_dag.py took 0.219 seconds
[2026-08-26T20:38:34.278+0000] {processor.py:186} INFO - Started process (PID=1021) to work on /opt/airflow/dags/data_quality_pipeline_dag.py
[2026-08-26T20:38:34.284+0000] {processor.py:914} INFO - Processing file /opt/airflow/dags/data_quality_pipeline_dag.py for tasks to queue
[2026-08-26T20:38:34.291+0000] {logging_mixin.py:190} INFO - [2026-08-26T20:38:34.291+0000] {dagbag.py:587} INFO - Filling up the DagBag from /opt/airflow/dags/data_quality_pipeline_dag.py
[2026-08-26T20:38:34.520+0000] {processor.py:925} INFO - DAG(s) 'data_quality_pipeline' retrieved from /opt/airflow/dags/data_quality_pipeline_dag.py
[2026-08-26T20:38:34.551+0000] {logging_mixin.py:190} INFO - [2026-08-26T20:38:34.551+0000] {dag.py:3211} INFO - Sync 1 DAGs
[2026-08-26T20:38:34.581+0000] {logging_mixin.py:190} INFO - [2026-08-26T20:38:34.581+0000] {dag.py:4138} INFO - Setting next_dagrun for data_quality_pipeline to 2026-08-26 00:00:00+00:00, run_after=2026-08-27 00:00:00+00:00
[2026-08-26T20:38:34.609+0000] {processor.py:208} INFO - Processing /opt/airflow/dags/data_quality_pipeline_dag.py took 0.346 seconds
[2026-08-26T20:39:05.040+0000] {processor.py:186} INFO - Started process (PID=1046) to work on /opt/airflow/dags/data_quality_pipeline_dag.py
[2026-08-26T20:39:05.046+0000] {processor.py:914} INFO - Processing file /opt/airflow/dags/data_quality_pipeline_dag.py for tasks to queue
[2026-08-26T20:39:05.055+0000] {logging_mixin.py:190} INFO - [2026-08-26T20:39:05.054+0000] {dagbag.py:587} INFO - Filling up the DagBag from /opt/airflow/dags/data_quality_pipeline_dag.py
[2026-08-26T20:39:05.305+0000] {processor.py:925} INFO - DAG(s) 'data_quality_pipeline' retrieved from /opt/airflow/dags/data_quality_pipeline_dag.py
[2026-08-26T20:39:05.332+0000] {logging_mixin.py:190} INFO - [2026-08-26T20:39:05.332+0000] {dag.py:3211} INFO - Sync 1 DAGs
[2026-08-26T20:39:05.355+0000] {logging_mixin.py:190} INFO - [2026-08-26T20:39:05.355+0000] {dag.py:4138} INFO - Setting next_dagrun for data_quality_pipeline to 2026-08-26 00:00:00+00:00, run_after=2026-08-27 00:00:00+00:00
[2026-08-26T20:39:05.380+0000] {processor.py:208} INFO - Processing /opt/airflow/dags/data_quality_pipeline_dag.py took 0.352 seconds
[2026-08-26T20:39:35.823+0000] {processor.py:186} INFO - Started process (PID=1071) to work on /opt/airflow/dags/data_quality_pipeline_dag.py
[2026-08-26T20:39:35.827+0000] {processor.py:914} INFO - Processing file /opt/airflow/dags/data_quality_pipeline_dag.py for tasks to queue
[2026-08-26T20:39:35.838+0000] {logging_mixin.py:190} INFO - [2026-08-26T20:39:35.837+0000] {dagbag.py:587} INFO - Filling up the DagBag from /opt/airflow/dags/data_quality_pipeline_dag.py
[2026-08-26T20:39:36.083+0000] {processor.py:925} INFO - DAG(s) 'data_quality_pipeline' retrieved from /opt/airflow/dags/data_quality_pipeline_dag.py
[2026-08-26T20:39:36.122+0000] {logging_mixin.py:190} INFO - [2026-08-26T20:39:36.122+0000] {dag.py:3211} INFO - Sync 1 DAGs
[2026-08-26T20:39:36.152+0000] {logging_mixin.py:190} INFO - [2026-08-26T20:39:36.152+0000] {dag.py:4138} INFO - Setting next_dagrun for data_quality_pipeline to 2026-08-26 00:00:00+00:00, run_after=2026-08-27 00:00:00+00:00
[2026-08-26T20:39:36.188+0000] {processor.py:208} INFO - Processing /opt/airflow/dags/data_quality_pipeline_dag.py took 0.373 seconds
[2026-08-26T20:40:06.735+0000] {processor.py:186} INFO - Started process (PID=1096) to work on /opt/airflow/dags/data_quality_pipeline_dag.py
[2026-08-26T20:40:06.740+0000] {processor.py:914} INFO - Processing file /opt/airflow/dags/data_quality_pipeline_dag.py for tasks to queue
[2026-08-26T20:40:06.748+0000] {logging_mixin.py:190} INFO - [2026-08-26T20:40:06.747+0000] {dagbag.py:587} INFO - Filling up the DagBag from /opt/airflow/dags/data_quality_pipeline_dag.py
[2026-08-26T20:40:07.015+0000] {processor.py:925} INFO - DAG(s) 'data_quality_pipeline' retrieved from /opt/airflow/dags/data_quality_pipeline_dag.py
[2026-08-26T20:40:07.047+0000] {logging_mixin.py:190} INFO - [2026-08-26T20:40:07.046+0000] {dag.py:3211} INFO - Sync 1 DAGs
[2026-08-26T20:40:07.077+0000] {logging_mixin.py:190} INFO - [2026-08-26T20:40:07.077+0000] {dag.py:4138} INFO - Setting next_dagrun for data_quality_pipeline to 2026-08-26 00:00:00+00:00, run_after=2026-08-27 00:00:00+00:00
[2026-08-26T20:40:07.104+0000] {processor.py:208} INFO - Processing /opt/airflow/dags/data_quality_pipeline_dag.py took 0.384 seconds
[2026-08-26T20:40:37.585+0000] {processor.py:186} INFO - Started process (PID=1121) to work on /opt/airflow/dags/data_quality_pipeline_dag.py
[2026-08-26T20:40:37.593+0000] {processor.py:914} INFO - Processing file /opt/airflow/dags/data_quality_pipeline_dag.py for tasks to queue
[2026-08-26T20:40:37.609+0000] {logging_mixin.py:190} INFO - [2026-08-26T20:40:37.608+0000] {dagbag.py:587} INFO - Filling up the DagBag from /opt/airflow/dags/data_quality_pipeline_dag.py
[2026-08-26T20:40:37.823+0000] {processor.py:925} INFO - DAG(s) 'data_quality_pipeline' retrieved from /opt/airflow/dags/data_quality_pipeline_dag.py
[2026-08-26T20:40:37.852+0000] {logging_mixin.py:190} INFO - [2026-08-26T20:40:37.851+0000] {dag.py:3211} INFO - Sync 1 DAGs
[2026-08-26T20:40:37.882+0000] {logging_mixin.py:190} INFO - [2026-08-26T20:40:37.882+0000] {dag.py:4138} INFO - Setting next_dagrun for data_quality_pipeline to 2026-08-26 00:00:00+00:00, run_after=2026-08-27 00:00:00+00:00
[2026-08-26T20:40:37.910+0000] {processor.py:208} INFO - Processing /opt/airflow/dags/data_quality_pipeline_dag.py took 0.334 seconds
[2026-08-26T20:41:08.712+0000] {processor.py:186} INFO - Started process (PID=1146) to work on /opt/airflow/dags/data_quality_pipeline_dag.py
[2026-08-26T20:41:08.717+0000] {processor.py:914} INFO - Processing file /opt/airflow/dags/data_quality_pipeline_dag.py for tasks to queue
[2026-08-26T20:41:08.721+0000] {logging_mixin.py:190} INFO - [2026-08-26T20:41:08.721+0000] {dagbag.py:587} INFO - Filling up the DagBag from /opt/airflow/dags/data_quality_pipeline_dag.py
[2026-08-26T20:41:08.914+0000] {processor.py:925} INFO - DAG(s) 'data_quality_pipeline' retrieved from /opt/airflow/dags/data_quality_pipeline_dag.py
[2026-08-26T20:41:08.946+0000] {logging_mixin.py:190} INFO - [2026-08-26T20:41:08.945+0000] {dag.py:3211} INFO - Sync 1 DAGs
[2026-08-26T20:41:08.971+0000] {logging_mixin.py:190} INFO - [2026-08-26T20:41:08.971+0000] {dag.py:4138} INFO - Setting next_dagrun for data_quality_pipeline to 2026-08-26 00:00:00+00:00, run_after=2026-08-27 00:00:00+00:00
[2026-08-26T20:41:08.995+0000] {processor.py:208} INFO - Processing /opt/airflow/dags/data_quality_pipeline_dag.py took 0.290 seconds
[2026-08-26T20:41:39.163+0000] {processor.py:186} INFO - Started process (PID=1171) to work on /opt/airflow/dags/data_quality_pipeline_dag.py
[2026-08-26T20:41:39.167+0000] {processor.py:914} INFO - Processing file /opt/airflow/dags/data_quality_pipeline_dag.py for tasks to queue
[2026-08-26T20:41:39.174+0000] {logging_mixin.py:190} INFO - [2026-08-26T20:41:39.173+0000] {dagbag.py:587} INFO - Filling up the DagBag from /opt/airflow/dags/data_quality_pipeline_dag.py
[2026-08-26T20:41:39.391+0000] {processor.py:925} INFO - DAG(s) 'data_quality_pipeline' retrieved from /opt/airflow/dags/data_quality_pipeline_dag.py
[2026-08-26T20:41:39.416+0000] {logging_mixin.py:190} INFO - [2026-08-26T20:41:39.415+0000] {dag.py:3211} INFO - Sync 1 DAGs
[2026-08-26T20:41:39.447+0000] {logging_mixin.py:190} INFO - [2026-08-26T20:41:39.447+0000] {dag.py:4138} INFO - Setting next_dagrun for data_quality_pipeline to 2026-08-26 00:00:00+00:00, run_after=2026-08-27 00:00:00+00:00
[2026-08-26T20:41:39.494+0000] {processor.py:208} INFO - Processing /opt/airflow/dags/data_quality_pipeline_dag.py took 0.341 seconds
[2026-08-26T20:42:09.748+0000] {processor.py:186} INFO - Started process (PID=1196) to work on /opt/airflow/dags/data_quality_pipeline_dag.py
[2026-08-26T20:42:09.759+0000] {processor.py:914} INFO - Processing file /opt/airflow/dags/data_quality_pipeline_dag.py for tasks to queue
[2026-08-26T20:42:09.771+0000] {logging_mixin.py:190} INFO - [2026-08-26T20:42:09.770+0000] {dagbag.py:587} INFO - Filling up the DagBag from /opt/airflow/dags/data_quality_pipeline_dag.py
[2026-08-26T20:42:09.985+0000] {processor.py:925} INFO - DAG(s) 'data_quality_pipeline' retrieved from /opt/airflow/dags/data_quality_pipeline_dag.py
[2026-08-26T20:42:10.005+0000] {logging_mixin.py:190} INFO - [2026-08-26T20:42:10.005+0000] {dag.py:3211} INFO - Sync 1 DAGs
[2026-08-26T20:42:10.025+0000] {logging_mixin.py:190} INFO - [2026-08-26T20:42:10.025+0000] {dag.py:4138} INFO - Setting next_dagrun for data_quality_pipeline to 2026-08-26 00:00:00+00:00, run_after=2026-08-27 00:00:00+00:00
[2026-08-26T20:42:10.052+0000] {processor.py:208} INFO - Processing /opt/airflow/dags/data_quality_pipeline_dag.py took 0.316 seconds
[2026-08-26T20:42:40.272+0000] {processor.py:186} INFO - Started process (PID=1221) to work on /opt/airflow/dags/data_quality_pipeline_dag.py
[2026-08-26T20:42:40.277+0000] {processor.py:914} INFO - Processing file /opt/airflow/dags/data_quality_pipeline_dag.py for tasks to queue
[2026-08-26T20:42:40.287+0000] {logging_mixin.py:190} INFO - [2026-08-26T20:42:40.286+0000] {dagbag.py:587} INFO - Filling up the DagBag from /opt/airflow/dags/data_quality_pipeline_dag.py
[2026-08-26T20:42:40.552+0000] {processor.py:925} INFO - DAG(s) 'data_quality_pipeline' retrieved from /opt/airflow/dags/data_quality_pipeline_dag.py
[2026-08-26T20:42:40.581+0000] {logging_mixin.py:190} INFO - [2026-08-26T20:42:40.580+0000] {dag.py:3211} INFO - Sync 1 DAGs
[2026-08-26T20:42:40.612+0000] {logging_mixin.py:190} INFO - [2026-08-26T20:42:40.612+0000] {dag.py:4138} INFO - Setting next_dagrun for data_quality_pipeline to 2026-08-26 00:00:00+00:00, run_after=2026-08-27 00:00:00+00:00
[2026-08-26T20:42:40.647+0000] {processor.py:208} INFO - Processing /opt/airflow/dags/data_quality_pipeline_dag.py took 0.386 seconds
[2026-08-26T20:43:10.893+0000] {processor.py:186} INFO - Started process (PID=1246) to work on /opt/airflow/dags/data_quality_pipeline_dag.py
[2026-08-26T20:43:10.897+0000] {processor.py:914} INFO - Processing file /opt/airflow/dags/data_quality_pipeline_dag.py for tasks to queue
[2026-08-26T20:43:10.902+0000] {logging_mixin.py:190} INFO - [2026-08-26T20:43:10.902+0000] {dagbag.py:587} INFO - Filling up the DagBag from /opt/airflow/dags/data_quality_pipeline_dag.py
[2026-08-26T20:43:11.054+0000] {processor.py:925} INFO - DAG(s) 'data_quality_pipeline' retrieved from /opt/airflow/dags/data_quality_pipeline_dag.py
[2026-08-26T20:43:11.075+0000] {logging_mixin.py:190} INFO - [2026-08-26T20:43:11.075+0000] {dag.py:3211} INFO - Sync 1 DAGs
[2026-08-26T20:43:11.093+0000] {logging_mixin.py:190} INFO - [2026-08-26T20:43:11.093+0000] {dag.py:4138} INFO - Setting next_dagrun for data_quality_pipeline to 2026-08-26 00:00:00+00:00, run_after=2026-08-27 00:00:00+00:00
[2026-08-26T20:43:11.120+0000] {processor.py:208} INFO - Processing /opt/airflow/dags/data_quality_pipeline_dag.py took 0.232 seconds
[2026-08-26T20:43:41.310+0000] {processor.py:186} INFO - Started process (PID=1271) to work on /opt/airflow/dags/data_quality_pipeline_dag.py
[2026-08-26T20:43:41.314+0000] {processor.py:914} INFO - Processing file /opt/airflow/dags/data_quality_pipeline_dag.py for tasks to queue
[2026-08-26T20:43:41.319+0000] {logging_mixin.py:190} INFO - [2026-08-26T20:43:41.318+0000] {dagbag.py:587} INFO - Filling up the DagBag from /opt/airflow/dags/data_quality_pipeline_dag.py
[2026-08-26T20:43:41.517+0000] {processor.py:925} INFO - DAG(s) 'data_quality_pipeline' retrieved from /opt/airflow/dags/data_quality_pipeline_dag.py
[2026-08-26T20:43:41.541+0000] {logging_mixin.py:190} INFO - [2026-08-26T20:43:41.541+0000] {dag.py:3211} INFO - Sync 1 DAGs
[2026-08-26T20:43:41.566+0000] {logging_mixin.py:190} INFO - [2026-08-26T20:43:41.566+0000] {dag.py:4138} INFO - Setting next_dagrun for data_quality_pipeline to 2026-08-26 00:00:00+00:00, run_after=2026-08-27 00:00:00+00:00
[2026-08-26T20:43:41.594+0000] {processor.py:208} INFO - Processing /opt/airflow/dags/data_quality_pipeline_dag.py took 0.293 seconds
[2026-08-26T20:44:11.838+0000] {processor.py:186} INFO - Started process (PID=1296) to work on /opt/airflow/dags/data_quality_pipeline_dag.py
[2026-08-26T20:44:11.842+0000] {processor.py:914} INFO - Processing file /opt/airflow/dags/data_quality_pipeline_dag.py for tasks to queue
[2026-08-26T20:44:11.847+0000] {logging_mixin.py:190} INFO - [2026-08-26T20:44:11.847+0000] {dagbag.py:587} INFO - Filling up the DagBag from /opt/airflow/dags/data_quality_pipeline_dag.py
[2026-08-26T20:44:12.010+0000] {processor.py:925} INFO - DAG(s) 'data_quality_pipeline' retrieved from /opt/airflow/dags/data_quality_pipeline_dag.py
[2026-08-26T20:44:12.038+0000] {logging_mixin.py:190} INFO - [2026-08-26T20:44:12.037+0000] {dag.py:3211} INFO - Sync 1 DAGs
[2026-08-26T20:44:12.059+0000] {logging_mixin.py:190} INFO - [2026-08-26T20:44:12.059+0000] {dag.py:4138} INFO - Setting next_dagrun for data_quality_pipeline to 2026-08-26 00:00:00+00:00, run_after=2026-08-27 00:00:00+00:00
[2026-08-26T20:44:12.085+0000] {processor.py:208} INFO - Processing /opt/airflow/dags/data_quality_pipeline_dag.py took 0.256 seconds
[2026-08-26T20:44:42.257+0000] {processor.py:186} INFO - Started process (PID=1321) to work on /opt/airflow/dags/data_quality_pipeline_dag.py
[2026-08-26T20:44:42.261+0000] {processor.py:914} INFO - Processing file /opt/airflow/dags/data_quality_pipeline_dag.py for tasks to queue
[2026-08-26T20:44:42.267+0000] {logging_mixin.py:190} INFO - [2026-08-26T20:44:42.266+0000] {dagbag.py:587} INFO - Filling up the DagBag from /opt/airflow/dags/data_quality_pipeline_dag.py
[2026-08-26T20:44:42.515+0000] {processor.py:925} INFO - DAG(s) 'data_quality_pipeline' retrieved from /opt/airflow/dags/data_quality_pipeline_dag.py
[2026-08-26T20:44:42.543+0000] {logging_mixin.py:190} INFO - [2026-08-26T20:44:42.542+0000] {dag.py:3211} INFO - Sync 1 DAGs
[2026-08-26T20:44:42.571+0000] {logging_mixin.py:190} INFO - [2026-08-26T20:44:42.571+0000] {dag.py:4138} INFO - Setting next_dagrun for data_quality_pipeline to 2026-08-26 00:00:00+00:00, run_after=2026-08-27 00:00:00+00:00
[2026-08-26T20:44:42.608+0000] {processor.py:208} INFO - Processing /opt/airflow/dags/data_quality_pipeline_dag.py took 0.361 seconds
[2026-08-26T20:45:12.854+0000] {processor.py:186} INFO - Started process (PID=1346) to work on /opt/airflow/dags/data_quality_pipeline_dag.py
[2026-08-26T20:45:12.860+0000] {processor.py:914} INFO - Processing file /opt/airflow/dags/data_quality_pipeline_dag.py for tasks to queue
[2026-08-26T20:45:12.872+0000] {logging_mixin.py:190} INFO - [2026-08-26T20:45:12.872+0000] {dagbag.py:587} INFO - Filling up the DagBag from /opt/airflow/dags/data_quality_pipeline_dag.py
[2026-08-26T20:45:13.122+0000] {processor.py:925} INFO - DAG(s) 'data_quality_pipeline' retrieved from /opt/airflow/dags/data_quality_pipeline_dag.py
[2026-08-26T20:45:13.146+0000] {logging_mixin.py:190} INFO - [2026-08-26T20:45:13.146+0000] {dag.py:3211} INFO - Sync 1 DAGs
[2026-08-26T20:45:13.179+0000] {logging_mixin.py:190} INFO - [2026-08-26T20:45:13.179+0000] {dag.py:4138} INFO - Setting next_dagrun for data_quality_pipeline to 2026-08-26 00:00:00+00:00, run_after=2026-08-27 00:00:00+00:00
[2026-08-26T20:45:13.210+0000] {processor.py:208} INFO - Processing /opt/airflow/dags/data_quality_pipeline_dag.py took 0.368 seconds
[2026-08-26T20:45:43.526+0000] {processor.py:186} INFO - Started process (PID=1371) to work on /opt/airflow/dags/data_quality_pipeline_dag.py
[2026-08-26T20:45:43.530+0000] {processor.py:914} INFO - Processing file /opt/airflow/dags/data_quality_pipeline_dag.py for tasks to queue
[2026-08-26T20:45:43.537+0000] {logging_mixin.py:190} INFO - [2026-08-26T20:45:43.536+0000] {dagbag.py:587} INFO - Filling up the DagBag from /opt/airflow/dags/data_quality_pipeline_dag.py
[2026-08-26T20:45:43.773+0000] {processor.py:925} INFO - DAG(s) 'data_quality_pipeline' retrieved from /opt/airflow/dags/data_quality_pipeline_dag.py
[2026-08-26T20:45:43.965+0000] {logging_mixin.py:190} INFO - [2026-08-26T20:45:43.965+0000] {dag.py:3211} INFO - Sync 1 DAGs
[2026-08-26T20:45:43.996+0000] {logging_mixin.py:190} INFO - [2026-08-26T20:45:43.995+0000] {dag.py:4138} INFO - Setting next_dagrun for data_quality_pipeline to 2026-08-26 00:00:00+00:00, run_after=2026-08-27 00:00:00+00:00
[2026-08-26T20:45:44.043+0000] {processor.py:208} INFO - Processing /opt/airflow/dags/data_quality_pipeline_dag.py took 0.528 seconds
[2026-08-26T20:46:14.262+0000] {processor.py:186} INFO - Started process (PID=1396) to work on /opt/airflow/dags/data_quality_pipeline_dag.py
[2026-08-26T20:46:14.271+0000] {processor.py:914} INFO - Processing file /opt/airflow/dags/data_quality_pipeline_dag.py for tasks to queue
[2026-08-26T20:46:14.278+0000] {logging_mixin.py:190} INFO - [2026-08-26T20:46:14.278+0000] {dagbag.py:587} INFO - Filling up the DagBag from /opt/airflow/dags/data_quality_pipeline_dag.py
[2026-08-26T20:46:14.590+0000] {processor.py:925} INFO - DAG(s) 'data_quality_pipeline' retrieved from /opt/airflow/dags/data_quality_pipeline_dag.py
[2026-08-26T20:46:14.640+0000] {logging_mixin.py:190} INFO - [2026-08-26T20:46:14.639+0000] {dag.py:3211} INFO - Sync 1 DAGs
[2026-08-26T20:46:14.688+0000] {logging_mixin.py:190} INFO - [2026-08-26T20:46:14.688+0000] {dag.py:4138} INFO - Setting next_dagrun for data_quality_pipeline to 2026-08-26 00:00:00+00:00, run_after=2026-08-27 00:00:00+00:00
[2026-08-26T20:46:14.721+0000] {processor.py:208} INFO - Processing /opt/airflow/dags/data_quality_pipeline_dag.py took 0.468 seconds
[2026-08-26T20:46:44.878+0000] {processor.py:186} INFO - Started process (PID=1421) to work on /opt/airflow/dags/data_quality_pipeline_dag.py
[2026-08-26T20:46:44.883+0000] {processor.py:914} INFO - Processing file /opt/airflow/dags/data_quality_pipeline_dag.py for tasks to queue
[2026-08-26T20:46:44.888+0000] {logging_mixin.py:190} INFO - [2026-08-26T20:46:44.888+0000] {dagbag.py:587} INFO - Filling up the DagBag from /opt/airflow/dags/data_quality_pipeline_dag.py
[2026-08-26T20:46:45.163+0000] {processor.py:925} INFO - DAG(s) 'data_quality_pipeline' retrieved from /opt/airflow/dags/data_quality_pipeline_dag.py
[2026-08-26T20:46:45.192+0000] {logging_mixin.py:190} INFO - [2026-08-26T20:46:45.191+0000] {dag.py:3211} INFO - Sync 1 DAGs
[2026-08-26T20:46:45.225+0000] {logging_mixin.py:190} INFO - [2026-08-26T20:46:45.224+0000] {dag.py:4138} INFO - Setting next_dagrun for data_quality_pipeline to 2026-08-26 00:00:00+00:00, run_after=2026-08-27 00:00:00+00:00
[2026-08-26T20:46:45.253+0000] {processor.py:208} INFO - Processing /opt/airflow/dags/data_quality_pipeline_dag.py took 0.382 seconds
[2026-08-26T20:47:15.490+0000] {processor.py:186} INFO - Started process (PID=1446) to work on /opt/airflow/dags/data_quality_pipeline_dag.py
[2026-08-26T20:47:15.495+0000] {processor.py:914} INFO - Processing file /opt/airflow/dags/data_quality_pipeline_dag.py for tasks to queue
[2026-08-26T20:47:15.502+0000] {logging_mixin.py:190} INFO - [2026-08-26T20:47:15.502+0000] {dagbag.py:587} INFO - Filling up the DagBag from /opt/airflow/dags/data_quality_pipeline_dag.py
[2026-08-26T20:47:15.721+0000] {processor.py:925} INFO - DAG(s) 'data_quality_pipeline' retrieved from /opt/airflow/dags/data_quality_pipeline_dag.py
[2026-08-26T20:47:15.747+0000] {logging_mixin.py:190} INFO - [2026-08-26T20:47:15.747+0000] {dag.py:3211} INFO - Sync 1 DAGs
[2026-08-26T20:47:15.771+0000] {logging_mixin.py:190} INFO - [2026-08-26T20:47:15.771+0000] {dag.py:4138} INFO - Setting next_dagrun for data_quality_pipeline to 2026-08-26 00:00:00+00:00, run_after=2026-08-27 00:00:00+00:00
[2026-08-26T20:47:15.796+0000] {processor.py:208} INFO - Processing /opt/airflow/dags/data_quality_pipeline_dag.py took 0.316 seconds
[2026-08-26T20:47:46.048+0000] {processor.py:186} INFO - Started process (PID=1471) to work on /opt/airflow/dags/data_quality_pipeline_dag.py
[2026-08-26T20:47:46.054+0000] {processor.py:914} INFO - Processing file /opt/airflow/dags/data_quality_pipeline_dag.py for tasks to queue
[2026-08-26T20:47:46.061+0000] {logging_mixin.py:190} INFO - [2026-08-26T20:47:46.060+0000] {dagbag.py:587} INFO - Filling up the DagBag from /opt/airflow/dags/data_quality_pipeline_dag.py
[2026-08-26T20:47:46.283+0000] {processor.py:925} INFO - DAG(s) 'data_quality_pipeline' retrieved from /opt/airflow/dags/data_quality_pipeline_dag.py
[2026-08-26T20:47:46.307+0000] {logging_mixin.py:190} INFO - [2026-08-26T20:47:46.307+0000] {dag.py:3211} INFO - Sync 1 DAGs
[2026-08-26T20:47:46.328+0000] {logging_mixin.py:190} INFO - [2026-08-26T20:47:46.328+0000] {dag.py:4138} INFO - Setting next_dagrun for data_quality_pipeline to 2026-08-26 00:00:00+00:00, run_after=2026-08-27 00:00:00+00:00
[2026-08-26T20:47:46.359+0000] {processor.py:208} INFO - Processing /opt/airflow/dags/data_quality_pipeline_dag.py took 0.322 seconds
[2026-08-26T20:48:16.530+0000] {processor.py:186} INFO - Started process (PID=1496) to work on /opt/airflow/dags/data_quality_pipeline_dag.py
[2026-08-26T20:48:16.537+0000] {processor.py:914} INFO - Processing file /opt/airflow/dags/data_quality_pipeline_dag.py for tasks to queue
[2026-08-26T20:48:16.543+0000] {logging_mixin.py:190} INFO - [2026-08-26T20:48:16.543+0000] {dagbag.py:587} INFO - Filling up the DagBag from /opt/airflow/dags/data_quality_pipeline_dag.py
[2026-08-26T20:48:16.790+0000] {processor.py:925} INFO - DAG(s) 'data_quality_pipeline' retrieved from /opt/airflow/dags/data_quality_pipeline_dag.py
[2026-08-26T20:48:16.831+0000] {logging_mixin.py:190} INFO - [2026-08-26T20:48:16.831+0000] {dag.py:3211} INFO - Sync 1 DAGs
[2026-08-26T20:48:16.865+0000] {logging_mixin.py:190} INFO - [2026-08-26T20:48:16.865+0000] {dag.py:4138} INFO - Setting next_dagrun for data_quality_pipeline to 2026-08-26 00:00:00+00:00, run_after=2026-08-27 00:00:00+00:00
[2026-08-26T20:48:16.894+0000] {processor.py:208} INFO - Processing /opt/airflow/dags/data_quality_pipeline_dag.py took 0.376 seconds
[2026-08-26T20:48:47.062+0000] {processor.py:186} INFO - Started process (PID=1521) to work on /opt/airflow/dags/data_quality_pipeline_dag.py
[2026-08-26T20:48:47.066+0000] {processor.py:914} INFO - Processing file /opt/airflow/dags/data_quality_pipeline_dag.py for tasks to queue
[2026-08-26T20:48:47.073+0000] {logging_mixin.py:190} INFO - [2026-08-26T20:48:47.072+0000] {dagbag.py:587} INFO - Filling up the DagBag from /opt/airflow/dags/data_quality_pipeline_dag.py
[2026-08-26T20:48:47.295+0000] {processor.py:925} INFO - DAG(s) 'data_quality_pipeline' retrieved from /opt/airflow/dags/data_quality_pipeline_dag.py
[2026-08-26T20:48:47.327+0000] {logging_mixin.py:190} INFO - [2026-08-26T20:48:47.326+0000] {dag.py:3211} INFO - Sync 1 DAGs
[2026-08-26T20:48:47.359+0000] {logging_mixin.py:190} INFO - [2026-08-26T20:48:47.358+0000] {dag.py:4138} INFO - Setting next_dagrun for data_quality_pipeline to 2026-08-26 00:00:00+00:00, run_after=2026-08-27 00:00:00+00:00
[2026-08-26T20:48:47.386+0000] {processor.py:208} INFO - Processing /opt/airflow/dags/data_quality_pipeline_dag.py took 0.334 seconds
[2026-08-26T20:49:17.566+0000] {processor.py:186} INFO - Started process (PID=1546) to work on /opt/airflow/dags/data_quality_pipeline_dag.py
[2026-08-26T20:49:17.570+0000] {processor.py:914} INFO - Processing file /opt/airflow/dags/data_quality_pipeline_dag.py for tasks to queue
[2026-08-26T20:49:17.575+0000] {logging_mixin.py:190} INFO - [2026-08-26T20:49:17.575+0000] {dagbag.py:587} INFO - Filling up the DagBag from /opt/airflow/dags/data_quality_pipeline_dag.py
[2026-08-26T20:49:17.747+0000] {processor.py:925} INFO - DAG(s) 'data_quality_pipeline' retrieved from /opt/airflow/dags/data_quality_pipeline_dag.py
[2026-08-26T20:49:17.766+0000] {logging_mixin.py:190} INFO - [2026-08-26T20:49:17.766+0000] {dag.py:3211} INFO - Sync 1 DAGs
[2026-08-26T20:49:17.788+0000] {logging_mixin.py:190} INFO - [2026-08-26T20:49:17.787+0000] {dag.py:4138} INFO - Setting next_dagrun for data_quality_pipeline to 2026-08-26 00:00:00+00:00, run_after=2026-08-27 00:00:00+00:00
[2026-08-26T20:49:17.820+0000] {processor.py:208} INFO - Processing /opt/airflow/dags/data_quality_pipeline_dag.py took 0.261 seconds
[2026-08-26T20:49:48.010+0000] {processor.py:186} INFO - Started process (PID=1571) to work on /opt/airflow/dags/data_quality_pipeline_dag.py
[2026-08-26T20:49:48.015+0000] {processor.py:914} INFO - Processing file /opt/airflow/dags/data_quality_pipeline_dag.py for tasks to queue
[2026-08-26T20:49:48.022+0000] {logging_mixin.py:190} INFO - [2026-08-26T20:49:48.021+0000] {dagbag.py:587} INFO - Filling up the DagBag from /opt/airflow/dags/data_quality_pipeline_dag.py
[2026-08-26T20:49:48.239+0000] {processor.py:925} INFO - DAG(s) 'data_quality_pipeline' retrieved from /opt/airflow/dags/data_quality_pipeline_dag.py
[2026-08-26T20:49:48.267+0000] {logging_mixin.py:190} INFO - [2026-08-26T20:49:48.266+0000] {dag.py:3211} INFO - Sync 1 DAGs
[2026-08-26T20:49:48.294+0000] {logging_mixin.py:190} INFO - [2026-08-26T20:49:48.294+0000] {dag.py:4138} INFO - Setting next_dagrun for data_quality_pipeline to 2026-08-26 00:00:00+00:00, run_after=2026-08-27 00:00:00+00:00
[2026-08-26T20:49:48.331+0000] {processor.py:208} INFO - Processing /opt/airflow/dags/data_quality_pipeline_dag.py took 0.328 seconds
[2026-08-26T20:50:37.900+0000] {processor.py:186} INFO - Started process (PID=23) to work on /opt/airflow/dags/data_quality_pipeline_dag.py
[2026-08-26T20:50:37.903+0000] {processor.py:914} INFO - Processing file /opt/airflow/dags/data_quality_pipeline_dag.py for tasks to queue
[2026-08-26T20:50:37.907+0000] {logging_mixin.py:190} INFO - [2026-08-26T20:50:37.906+0000] {dagbag.py:587} INFO - Filling up the DagBag from /opt/airflow/dags/data_quality_pipeline_dag.py
[2026-08-26T20:50:38.399+0000] {processor.py:925} INFO - DAG(s) 'data_quality_pipeline' retrieved from /opt/airflow/dags/data_quality_pipeline_dag.py
[2026-08-26T20:50:38.784+0000] {logging_mixin.py:190} INFO - [2026-08-26T20:50:38.783+0000] {override.py:1829} INFO - Created Permission View: can read on DAG:data_quality_pipeline
[2026-08-26T20:50:38.805+0000] {logging_mixin.py:190} INFO - [2026-08-26T20:50:38.805+0000] {override.py:1829} INFO - Created Permission View: can edit on DAG:data_quality_pipeline
[2026-08-26T20:50:38.817+0000] {logging_mixin.py:190} INFO - [2026-08-26T20:50:38.816+0000] {override.py:1829} INFO - Created Permission View: can delete on DAG:data_quality_pipeline
[2026-08-26T20:50:38.818+0000] {logging_mixin.py:190} INFO - [2026-08-26T20:50:38.818+0000] {dag.py:3211} INFO - Sync 1 DAGs
[2026-08-26T20:50:38.860+0000] {logging_mixin.py:190} INFO - [2026-08-26T20:50:38.860+0000] {dag.py:3234} INFO - Creating ORM DAG for data_quality_pipeline
[2026-08-26T20:50:38.879+0000] {logging_mixin.py:190} INFO - [2026-08-26T20:50:38.879+0000] {dag.py:4138} INFO - Setting next_dagrun for data_quality_pipeline to 2026-08-25 00:00:00+00:00, run_after=2026-08-26 00:00:00+00:00
[2026-08-26T20:50:38.916+0000] {processor.py:208} INFO - Processing /opt/airflow/dags/data_quality_pipeline_dag.py took 1.023 seconds
[2026-08-26T20:51:09.140+0000] {processor.py:186} INFO - Started process (PID=86) to work on /opt/airflow/dags/data_quality_pipeline_dag.py
[2026-08-26T20:51:09.145+0000] {processor.py:914} INFO - Processing file /opt/airflow/dags/data_quality_pipeline_dag.py for tasks to queue
[2026-08-26T20:51:09.152+0000] {logging_mixin.py:190} INFO - [2026-08-26T20:51:09.151+0000] {dagbag.py:587} INFO - Filling up the DagBag from /opt/airflow/dags/data_quality_pipeline_dag.py
[2026-08-26T20:51:09.401+0000] {processor.py:925} INFO - DAG(s) 'data_quality_pipeline' retrieved from /opt/airflow/dags/data_quality_pipeline_dag.py
[2026-08-26T20:51:09.434+0000] {logging_mixin.py:190} INFO - [2026-08-26T20:51:09.434+0000] {dag.py:3211} INFO - Sync 1 DAGs
[2026-08-26T20:51:09.467+0000] {logging_mixin.py:190} INFO - [2026-08-26T20:51:09.467+0000] {dag.py:4138} INFO - Setting next_dagrun for data_quality_pipeline to 2026-08-25 00:00:00+00:00, run_after=2026-08-26 00:00:00+00:00
[2026-08-26T20:51:09.502+0000] {processor.py:208} INFO - Processing /opt/airflow/dags/data_quality_pipeline_dag.py took 0.376 seconds
[2026-08-26T20:51:40.526+0000] {processor.py:186} INFO - Started process (PID=111) to work on /opt/airflow/dags/data_quality_pipeline_dag.py
[2026-08-26T20:51:40.531+0000] {processor.py:914} INFO - Processing file /opt/airflow/dags/data_quality_pipeline_dag.py for tasks to queue
[2026-08-26T20:51:40.537+0000] {logging_mixin.py:190} INFO - [2026-08-26T20:51:40.537+0000] {dagbag.py:587} INFO - Filling up the DagBag from /opt/airflow/dags/data_quality_pipeline_dag.py
[2026-08-26T20:51:40.766+0000] {processor.py:925} INFO - DAG(s) 'data_quality_pipeline' retrieved from /opt/airflow/dags/data_quality_pipeline_dag.py
[2026-08-26T20:51:40.789+0000] {logging_mixin.py:190} INFO - [2026-08-26T20:51:40.788+0000] {dag.py:3211} INFO - Sync 1 DAGs
[2026-08-26T20:51:40.809+0000] {logging_mixin.py:190} INFO - [2026-08-26T20:51:40.809+0000] {dag.py:4138} INFO - Setting next_dagrun for data_quality_pipeline to 2026-08-25 00:00:00+00:00, run_after=2026-08-26 00:00:00+00:00
[2026-08-26T20:51:40.838+0000] {processor.py:208} INFO - Processing /opt/airflow/dags/data_quality_pipeline_dag.py took 0.324 seconds
[2026-08-26T20:52:11.854+0000] {processor.py:186} INFO - Started process (PID=136) to work on /opt/airflow/dags/data_quality_pipeline_dag.py
[2026-08-26T20:52:11.858+0000] {processor.py:914} INFO - Processing file /opt/airflow/dags/data_quality_pipeline_dag.py for tasks to queue
[2026-08-26T20:52:11.868+0000] {logging_mixin.py:190} INFO - [2026-08-26T20:52:11.867+0000] {dagbag.py:587} INFO - Filling up the DagBag from /opt/airflow/dags/data_quality_pipeline_dag.py
[2026-08-26T20:52:12.122+0000] {processor.py:925} INFO - DAG(s) 'data_quality_pipeline' retrieved from /opt/airflow/dags/data_quality_pipeline_dag.py
[2026-08-26T20:52:12.156+0000] {logging_mixin.py:190} INFO - [2026-08-26T20:52:12.156+0000] {dag.py:3211} INFO - Sync 1 DAGs
[2026-08-26T20:52:12.185+0000] {logging_mixin.py:190} INFO - [2026-08-26T20:52:12.185+0000] {dag.py:4138} INFO - Setting next_dagrun for data_quality_pipeline to 2026-08-25 00:00:00+00:00, run_after=2026-08-26 00:00:00+00:00
[2026-08-26T20:52:12.217+0000] {processor.py:208} INFO - Processing /opt/airflow/dags/data_quality_pipeline_dag.py took 0.371 seconds
[2026-08-26T20:52:43.251+0000] {processor.py:186} INFO - Started process (PID=161) to work on /opt/airflow/dags/data_quality_pipeline_dag.py
[2026-08-26T20:52:43.255+0000] {processor.py:914} INFO - Processing file /opt/airflow/dags/data_quality_pipeline_dag.py for tasks to queue
[2026-08-26T20:52:43.259+0000] {logging_mixin.py:190} INFO - [2026-08-26T20:52:43.258+0000] {dagbag.py:587} INFO - Filling up the DagBag from /opt/airflow/dags/data_quality_pipeline_dag.py
[2026-08-26T20:52:43.423+0000] {processor.py:925} INFO - DAG(s) 'data_quality_pipeline' retrieved from /opt/airflow/dags/data_quality_pipeline_dag.py
[2026-08-26T20:52:43.442+0000] {logging_mixin.py:190} INFO - [2026-08-26T20:52:43.442+0000] {dag.py:3211} INFO - Sync 1 DAGs
[2026-08-26T20:52:43.459+0000] {logging_mixin.py:190} INFO - [2026-08-26T20:52:43.458+0000] {dag.py:4138} INFO - Setting next_dagrun for data_quality_pipeline to 2026-08-25 00:00:00+00:00, run_after=2026-08-26 00:00:00+00:00
[2026-08-26T20:52:43.481+0000] {processor.py:208} INFO - Processing /opt/airflow/dags/data_quality_pipeline_dag.py took 0.235 seconds
